Component: ARM Compiler 5.06 update 7 (build 960) Tool: armlink [4d3601]

==============================================================================

Section Cross References

    startup_stm32f103xb.o(RESET) refers to startup_stm32f103xb.o(STACK) for __initial_sp
    startup_stm32f103xb.o(RESET) refers to startup_stm32f103xb.o(.text) for Reset_Handler
    startup_stm32f103xb.o(RESET) refers to stm32f1xx_it.o(i.NMI_Handler) for NMI_Handler
    startup_stm32f103xb.o(RESET) refers to stm32f1xx_it.o(i.HardFault_Handler) for HardFault_Handler
    startup_stm32f103xb.o(RESET) refers to stm32f1xx_it.o(i.MemManage_Handler) for MemManage_Handler
    startup_stm32f103xb.o(RESET) refers to stm32f1xx_it.o(i.BusFault_Handler) for BusFault_Handler
    startup_stm32f103xb.o(RESET) refers to stm32f1xx_it.o(i.UsageFault_Handler) for UsageFault_Handler
    startup_stm32f103xb.o(RESET) refers to stm32f1xx_it.o(i.SVC_Handler) for SVC_Handler
    startup_stm32f103xb.o(RESET) refers to stm32f1xx_it.o(i.DebugMon_Handler) for DebugMon_Handler
    startup_stm32f103xb.o(RESET) refers to stm32f1xx_it.o(i.PendSV_Handler) for PendSV_Handler
    startup_stm32f103xb.o(RESET) refers to stm32f1xx_it.o(i.SysTick_Handler) for SysTick_Handler
    startup_stm32f103xb.o(RESET) refers to stm32f1xx_it.o(i.DMA1_Channel1_IRQHandler) for DMA1_Channel1_IRQHandler
    startup_stm32f103xb.o(RESET) refers to stm32f1xx_it.o(i.EXTI9_5_IRQHandler) for EXTI9_5_IRQHandler
    startup_stm32f103xb.o(RESET) refers to stm32f1xx_it.o(i.TIM2_IRQHandler) for TIM2_IRQHandler
    startup_stm32f103xb.o(RESET) refers to stm32f1xx_it.o(i.TIM3_IRQHandler) for TIM3_IRQHandler
    startup_stm32f103xb.o(RESET) refers to stm32f1xx_it.o(i.TIM4_IRQHandler) for TIM4_IRQHandler
    startup_stm32f103xb.o(RESET) refers to stm32f1xx_it.o(i.USART1_IRQHandler) for USART1_IRQHandler
    startup_stm32f103xb.o(.text) refers to system_stm32f1xx.o(i.SystemInit) for SystemInit
    startup_stm32f103xb.o(.text) refers to entry.o(.ARM.Collect$$$$00000000) for __main
    main.o(i.Are_all_lights_on_cheking) refers to main.o(i.channels_on_off) for channels_on_off
    main.o(i.Are_all_lights_on_cheking) refers to tm1637.o(i.set_brightness) for set_brightness
    main.o(i.Are_all_lights_on_cheking) refers to tm1637.o(i.display_mass) for display_mass
    main.o(i.Are_all_lights_on_cheking) refers to stm32f1xx_ll_utils.o(i.LL_mDelay) for LL_mDelay
    main.o(i.Are_all_lights_on_cheking) refers to main.o(i.ledfrontpanel_on_off) for ledfrontpanel_on_off
    main.o(i.Are_all_lights_on_cheking) refers to main.o(.bss) for .bss
    main.o(i.Are_all_lights_on_cheking) refers to main.o(.data) for .data
    main.o(i.Calibration) refers to button.o(i.ButtonRead) for ButtonRead
    main.o(i.Calibration) refers to main.o(i.Short_sound) for Short_sound
    main.o(i.Calibration) refers to tm1637.o(i.display_mass) for display_mass
    main.o(i.Calibration) refers to stm32f1xx_ll_utils.o(i.LL_mDelay) for LL_mDelay
    main.o(i.Calibration) refers to main.o(i.channels_on_off) for channels_on_off
    main.o(i.Calibration) refers to stm32f1xx_hal_adc.o(i.HAL_ADC_Start_DMA) for HAL_ADC_Start_DMA
    main.o(i.Calibration) refers to dfltui.o(.text) for __aeabi_ui2d
    main.o(i.Calibration) refers to dadd.o(.text) for __aeabi_dadd
    main.o(i.Calibration) refers to dscalb.o(.text) for __ARM_scalbn
    main.o(i.Calibration) refers to dfixui.o(.text) for __aeabi_d2uiz
    main.o(i.Calibration) refers to main.o(i.fill_array_for_show_number_of_channel) for fill_array_for_show_number_of_channel
    main.o(i.Calibration) refers to main.o(i.ledfrontpanel_on_off) for ledfrontpanel_on_off
    main.o(i.Calibration) refers to main.o(i.Long_sound) for Long_sound
    main.o(i.Calibration) refers to main.o(.data) for .data
    main.o(i.Calibration) refers to main.o(.bss) for .bss
    main.o(i.Check_Button) refers to main.o(i.channels_on_off) for channels_on_off
    main.o(i.Check_Button) refers to main.o(i.ledfrontpanel_on_off) for ledfrontpanel_on_off
    main.o(i.Check_Button) refers to main.o(.data) for .data
    main.o(i.Check_Button) refers to main.o(.bss) for .bss
    main.o(i.Check_condition) refers to main.o(.bss) for .bss
    main.o(i.Long_sound) refers to main.o(.data) for .data
    main.o(i.MX_ADC1_Init) refers to stm32f1xx_hal_adc.o(i.HAL_ADC_Init) for HAL_ADC_Init
    main.o(i.MX_ADC1_Init) refers to stm32f1xx_hal_adc.o(i.HAL_ADC_ConfigChannel) for HAL_ADC_ConfigChannel
    main.o(i.MX_ADC1_Init) refers to main.o(.bss) for .bss
    main.o(i.MX_GPIO_Init) refers to memseta.o(.text) for __aeabi_memclr4
    main.o(i.MX_GPIO_Init) refers to main.o(i.LL_APB2_GRP1_EnableClock) for LL_APB2_GRP1_EnableClock
    main.o(i.MX_GPIO_Init) refers to stm32f1xx_ll_gpio.o(i.LL_GPIO_Init) for LL_GPIO_Init
    main.o(i.MX_GPIO_Init) refers to stm32f1xx_ll_exti.o(i.LL_EXTI_Init) for LL_EXTI_Init
    main.o(i.MX_GPIO_Init) refers to main.o(i.__NVIC_GetPriorityGrouping) for __NVIC_GetPriorityGrouping
[...]
    ..\Drivers\STM32F1xx_HAL_Driver\Src\stm32f1xx_hal_cortex.c 0x00000000   Number         0  stm32f1xx_hal_cortex.o ABSOLUTE
    ..\Drivers\STM32F1xx_HAL_Driver\Src\stm32f1xx_hal_crc.c 0x00000000   Number         0  stm32f1xx_hal_crc.o ABSOLUTE
    ..\Drivers\STM32F1xx_HAL_Driver\Src\stm32f1xx_hal_dma.c 0x00000000   Number         0  stm32f1xx_hal_dma.o ABSOLUTE
    ..\Drivers\STM32F1xx_HAL_Driver\Src\stm32f1xx_hal_exti.c 0x00000000   Number         0  stm32f1xx_hal_exti.o ABSOLUTE
    ..\Drivers\STM32F1xx_HAL_Driver\Src\stm32f1xx_hal_flash.c 0x00000000   Number         0  stm32f1xx_hal_flash.o ABSOLUTE
    ..\Drivers\STM32F1xx_HAL_Driver\Src\stm32f1xx_hal_flash_ex.c 0x00000000   Number         0  stm32f1xx_hal_flash_ex.o ABSOLUTE
    ..\Drivers\STM32F1xx_HAL_Driver\Src\stm32f1xx_hal_gpio.c 0x00000000   Number         0  stm32f1xx_hal_gpio.o ABSOLUTE
    ..\Drivers\STM32F1xx_HAL_Driver\Src\stm32f1xx_hal_gpio_ex.c 0x00000000   Number         0  stm32f1xx_hal_gpio_ex.o ABSOLUTE
    ..\Drivers\STM32F1xx_HAL_Driver\Src\stm32f1xx_hal_pwr.c 0x00000000   Number         0  stm32f1xx_hal_pwr.o ABSOLUTE
    ..\Drivers\STM32F1xx_HAL_Driver\Src\stm32f1xx_hal_rcc.c 0x00000000   Number         0  stm32f1xx_hal_rcc.o ABSOLUTE
    ..\Drivers\STM32F1xx_HAL_Driver\Src\stm32f1xx_hal_rcc_ex.c 0x00000000   Number         0  stm32f1xx_hal_rcc_ex.o ABSOLUTE
    ..\Drivers\STM32F1xx_HAL_Driver\Src\stm32f1xx_hal_tim.c 0x00000000   Number         0  stm32f1xx_hal_tim.o ABSOLUTE
    ..\Drivers\STM32F1xx_HAL_Driver\Src\stm32f1xx_hal_tim_ex.c 0x00000000   Number         0  stm32f1xx_hal_tim_ex.o ABSOLUTE
    ..\Drivers\STM32F1xx_HAL_Driver\Src\stm32f1xx_ll_dma.c 0x00000000   Number         0  stm32f1xx_ll_dma.o ABSOLUTE
    ..\Drivers\STM32F1xx_HAL_Driver\Src\stm32f1xx_ll_exti.c 0x00000000   Number         0  stm32f1xx_ll_exti.o ABSOLUTE
    ..\Drivers\STM32F1xx_HAL_Driver\Src\stm32f1xx_ll_gpio.c 0x00000000   Number         0  stm32f1xx_ll_gpio.o ABSOLUTE
    ..\Drivers\STM32F1xx_HAL_Driver\Src\stm32f1xx_ll_rcc.c 0x00000000   Number         0  stm32f1xx_ll_rcc.o ABSOLUTE
    ..\Drivers\STM32F1xx_HAL_Driver\Src\stm32f1xx_ll_tim.c 0x00000000   Number         0  stm32f1xx_ll_tim.o ABSOLUTE
    ..\Drivers\STM32F1xx_HAL_Driver\Src\stm32f1xx_ll_usart.c 0x00000000   Number         0  stm32f1xx_ll_usart.o ABSOLUTE
    ..\Drivers\STM32F1xx_HAL_Driver\Src\stm32f1xx_ll_utils.c 0x00000000   Number         0  stm32f1xx_ll_utils.o ABSOLUTE
    ..\\Core\\Src\\FlashPROM.c               0x00000000   Number         0  flashprom.o ABSOLUTE
    ..\\Core\\Src\\button.c                  0x00000000   Number         0  button.o ABSOLUTE
    ..\\Core\\Src\\delay_micros.c            0x00000000   Number         0  delay_micros.o ABSOLUTE
    ..\\Core\\Src\\ds18b20.c                 0x00000000   Number         0  ds18b20.o ABSOLUTE
    ..\\Core\\Src\\tm1637.c                  0x00000000   Number         0  tm1637.o ABSOLUTE
    cdrcmple.s                               0x00000000   Number         0  cdrcmple.o ABSOLUTE
    dc.s                                     0x00000000   Number         0  dc.o ABSOLUTE
    handlers.s                               0x00000000   Number         0  handlers.o ABSOLUTE
    init.s                                   0x00000000   Number         0  init.o ABSOLUTE
    startup_stm32f103xb.s                    0x00000000   Number         0  startup_stm32f103xb.o ABSOLUTE
    RESET                                    0x08000000   Section      236  startup_stm32f103xb.o(RESET)
    .ARM.Collect$$$$00000000                 0x080000ec   Section        0  entry.o(.ARM.Collect$$$$00000000)
    .ARM.Collect$$$$00000001                 0x080000ec   Section        4  entry2.o(.ARM.Collect$$$$00000001)
    .ARM.Collect$$$$00000004                 0x080000f0   Section        4  entry5.o(.ARM.Collect$$$$00000004)
    .ARM.Collect$$$$00000008                 0x080000f4   Section        0  entry7b.o(.ARM.Collect$$$$00000008)
    .ARM.Collect$$$$0000000A                 0x080000f4   Section        0  entry8b.o(.ARM.Collect$$$$0000000A)
    .ARM.Collect$$$$0000000B                 0x080000f4   Section        8  entry9a.o(.ARM.Collect$$$$0000000B)
    .ARM.Collect$$$$0000000E                 0x080000fc   Section        4  entry12b.o(.ARM.Collect$$$$0000000E)
    .ARM.Collect$$$$0000000F                 0x08000100   Section        0  entry10a.o(.ARM.Collect$$$$0000000F)
    .ARM.Collect$$$$00000011                 0x08000100   Section        0  entry11a.o(.ARM.Collect$$$$00000011)
    .ARM.Collect$$$$00002712                 0x08000100   Section        4  entry2.o(.ARM.Collect$$$$00002712)
    __lit__00000000                          0x08000100   Data           4  entry2.o(.ARM.Collect$$$$00002712)
    .text                                    0x08000104   Section       36  startup_stm32f103xb.o(.text)
    .text                                    0x08000128   Section        0  llushr.o(.text)
    .text                                    0x08000148   Section        0  memseta.o(.text)
    .text                                    0x0800016c   Section        0  strstr.o(.text)
    .text                                    0x08000190   Section        0  fmul.o(.text)
    .text                                    0x080001f4   Section        0  dadd.o(.text)
    .text                                    0x08000342   Section        0  dmul.o(.text)
    .text                                    0x08000426   Section        0  ddiv.o(.text)
    .text                                    0x08000504   Section        0  dscalb.o(.text)
    .text                                    0x08000532   Section        0  fflti.o(.text)
    .text                                    0x08000544   Section        0  dflti.o(.text)
    .text                                    0x08000566   Section        0  dfltui.o(.text)
    .text                                    0x08000580   Section        0  ffixi.o(.text)
    .text                                    0x080005b2   Section        0  dfixi.o(.text)
    .text                                    0x080005f0   Section        0  dfixui.o(.text)
    .text                                    0x08000622   Section        0  f2d.o(.text)
    .text                                    0x08000648   Section        0  uidiv.o(.text)
    .text                                    0x08000674   Section        0  uldiv.o(.text)
    .text                                    0x080006d6   Section        0  llshl.o(.text)
    .text                                    0x080006f4   Section        0  llsshr.o(.text)
    .text                                    0x08000718   Section        0  iusefp.o(.text)
    .text                                    0x08000718   Section        0  fepilogue.o(.text)
    .text                                    0x08000786   Section        0  depilogue.o(.text)
    .text                                    0x08000840   Section        0  dfixul.o(.text)
    .text                                    0x08000870   Section       48  cdrcmple.o(.text)
    .text                                    0x080008a0   Section       36  init.o(.text)
    .text                                    0x080008c4   Section        0  __dczerorl2.o(.text)
    i.ADC_ConversionStop_Disable             0x0800091c   Section        0  stm32f1xx_hal_adc.o(i.ADC_ConversionStop_Disable)
    i.ADC_DMAConvCplt                        0x08000972   Section        0  stm32f1xx_hal_adc.o(i.ADC_DMAConvCplt)
    i.ADC_DMAError                           0x080009c0   Section        0  stm32f1xx_hal_adc.o(i.ADC_DMAError)
    i.ADC_DMAHalfConvCplt                    0x080009da   Section        0  stm32f1xx_hal_adc.o(i.ADC_DMAHalfConvCplt)
    i.ADC_Enable                             0x080009e4   Section        0  stm32f1xx_hal_adc.o(i.ADC_Enable)
    i.Are_all_lights_on_cheking              0x08000a60   Section        0  main.o(i.Are_all_lights_on_cheking)
    i.BusFault_Handler                       0x08000b38   Section        0  stm32f1xx_it.o(i.BusFault_Handler)
    i.ButtonRead                             0x08000b3c   Section        0  button.o(i.ButtonRead)
    i.Calibration                            0x08000c58   Section        0  main.o(i.Calibration)
    i.Check_Button                           0x08000f6c   Section        0  main.o(i.Check_Button)
    i.Check_condition                        0x0800102c   Section        0  main.o(i.Check_condition)
    i.DMA1_Channel1_IRQHandler               0x08001060   Section        0  stm32f1xx_it.o(i.DMA1_Channel1_IRQHandler)
    i.DMA_SetConfig                          0x0800106c   Section        0  stm32f1xx_hal_dma.o(i.DMA_SetConfig)
    DMA_SetConfig                            0x0800106d   Thumb Code    42  stm32f1xx_hal_dma.o(i.DMA_SetConfig)
    i.DWT_Init                               0x08001098   Section        0  delay_micros.o(i.DWT_Init)
    i.DebugMon_Handler                       0x080010b8   Section        0  stm32f1xx_it.o(i.DebugMon_Handler)
    i.EXTI9_5_IRQHandler                     0x080010bc   Section        0  stm32f1xx_it.o(i.EXTI9_5_IRQHandler)
    i.Error_Handler                          0x080010f8   Section        0  main.o(i.Error_Handler)
    i.FLASH_MassErase                        0x080010fc   Section        0  stm32f1xx_hal_flash_ex.o(i.FLASH_MassErase)
    FLASH_MassErase                          0x080010fd   Thumb Code    26  stm32f1xx_hal_flash_ex.o(i.FLASH_MassErase)
    i.FLASH_PageErase                        0x08001120   Section        0  stm32f1xx_hal_flash_ex.o(i.FLASH_PageErase)
    i.FLASH_SetErrorCode                     0x08001144   Section        0  stm32f1xx_hal_flash.o(i.FLASH_SetErrorCode)
    FLASH_SetErrorCode                       0x08001145   Thumb Code    84  stm32f1xx_hal_flash.o(i.FLASH_SetErrorCode)
    i.FLASH_WaitForLastOperation             0x080011a0   Section        0  stm32f1xx_hal_flash.o(i.FLASH_WaitForLastOperation)
    i.HAL_ADCEx_Calibration_Start            0x080011f4   Section        0  stm32f1xx_hal_adc_ex.o(i.HAL_ADCEx_Calibration_Start)
    i.HAL_ADC_ConfigChannel                  0x080012cc   Section        0  stm32f1xx_hal_adc.o(i.HAL_ADC_ConfigChannel)
    i.HAL_ADC_ConvCpltCallback               0x080013c8   Section        0  stm32f1xx_hal_adc.o(i.HAL_ADC_ConvCpltCallback)
    i.HAL_ADC_ConvHalfCpltCallback           0x080013ca   Section        0  stm32f1xx_hal_adc.o(i.HAL_ADC_ConvHalfCpltCallback)
    i.HAL_ADC_ErrorCallback                  0x080013cc   Section        0  stm32f1xx_hal_adc.o(i.HAL_ADC_ErrorCallback)
    i.HAL_ADC_Init                           0x080013d0   Section        0  stm32f1xx_hal_adc.o(i.HAL_ADC_Init)
    i.HAL_ADC_MspInit                        0x080014ec   Section        0  stm32f1xx_hal_msp.o(i.HAL_ADC_MspInit)
    i.HAL_ADC_Start_DMA                      0x08001578   Section        0  stm32f1xx_hal_adc.o(i.HAL_ADC_Start_DMA)
    i.HAL_CRC_Init                           0x08001684   Section        0  stm32f1xx_hal_crc.o(i.HAL_CRC_Init)
    i.HAL_CRC_MspInit                        0x080016a8   Section        0  stm32f1xx_hal_msp.o(i.HAL_CRC_MspInit)
    i.HAL_DMA_IRQHandler                     0x080016d0   Section        0  stm32f1xx_hal_dma.o(i.HAL_DMA_IRQHandler)
    i.HAL_DMA_Init                           0x08001824   Section        0  stm32f1xx_hal_dma.o(i.HAL_DMA_Init)
    i.HAL_DMA_Start_IT                       0x08001880   Section        0  stm32f1xx_hal_dma.o(i.HAL_DMA_Start_IT)
    i.HAL_FLASHEx_Erase                      0x080018f0   Section        0  stm32f1xx_hal_flash_ex.o(i.HAL_FLASHEx_Erase)
    i.HAL_FLASH_Lock                         0x08001998   Section        0  stm32f1xx_hal_flash.o(i.HAL_FLASH_Lock)
    i.HAL_FLASH_Unlock                       0x080019ac   Section        0  stm32f1xx_hal_flash.o(i.HAL_FLASH_Unlock)
    i.HAL_GPIO_Init                          0x080019d4   Section        0  stm32f1xx_hal_gpio.o(i.HAL_GPIO_Init)
    i.HAL_GPIO_ReadPin                       0x08001bb4   Section        0  stm32f1xx_hal_gpio.o(i.HAL_GPIO_ReadPin)
    i.HAL_GPIO_WritePin                      0x08001bbe   Section        0  stm32f1xx_hal_gpio.o(i.HAL_GPIO_WritePin)
    i.HAL_GetTick                            0x08001bc8   Section        0  stm32f1xx_hal.o(i.HAL_GetTick)
    i.HAL_IncTick                            0x08001bd4   Section        0  stm32f1xx_hal.o(i.HAL_IncTick)
    i.HAL_Init                               0x08001be4   Section        0  stm32f1xx_hal.o(i.HAL_Init)
    i.HAL_InitTick                           0x08001c08   Section        0  stm32f1xx_hal.o(i.HAL_InitTick)
    i.HAL_MspInit                            0x08001c48   Section        0  stm32f1xx_hal_msp.o(i.HAL_MspInit)
    i.HAL_NVIC_EnableIRQ                     0x08001c84   Section        0  stm32f1xx_hal_cortex.o(i.HAL_NVIC_EnableIRQ)
    i.HAL_NVIC_SetPriority                   0x08001ca0   Section        0  stm32f1xx_hal_cortex.o(i.HAL_NVIC_SetPriority)
    i.HAL_NVIC_SetPriorityGrouping           0x08001ce0   Section        0  stm32f1xx_hal_cortex.o(i.HAL_NVIC_SetPriorityGrouping)
    i.HAL_RCCEx_GetPeriphCLKFreq             0x08001d04   Section        0  stm32f1xx_hal_rcc_ex.o(i.HAL_RCCEx_GetPeriphCLKFreq)
    i.HAL_RCC_GetPCLK2Freq                   0x08001dcc   Section        0  stm32f1xx_hal_rcc.o(i.HAL_RCC_GetPCLK2Freq)
    i.HAL_SYSTICK_Config                     0x08001dec   Section        0  stm32f1xx_hal_cortex.o(i.HAL_SYSTICK_Config)
    i.HAL_TIMEx_BreakCallback                0x08001e14   Section        0  stm32f1xx_hal_tim_ex.o(i.HAL_TIMEx_BreakCallback)
    i.HAL_TIMEx_CommutCallback               0x08001e16   Section        0  stm32f1xx_hal_tim_ex.o(i.HAL_TIMEx_CommutCallback)
    i.HAL_TIMEx_MasterConfigSynchronization  0x08001e18   Section        0  stm32f1xx_hal_tim_ex.o(i.HAL_TIMEx_MasterConfigSynchronization)
    i.HAL_TIM_Base_Init                      0x08001e80   Section        0  stm32f1xx_hal_tim.o(i.HAL_TIM_Base_Init)
    i.HAL_TIM_Base_MspInit                   0x08001edc   Section        0  stm32f1xx_hal_msp.o(i.HAL_TIM_Base_MspInit)
    i.HAL_TIM_Base_Start_IT                  0x08001f14   Section        0  stm32f1xx_hal_tim.o(i.HAL_TIM_Base_Start_IT)
    i.HAL_TIM_Base_Stop_IT                   0x08001f6c   Section        0  stm32f1xx_hal_tim.o(i.HAL_TIM_Base_Stop_IT)
    i.HAL_TIM_ConfigClockSource              0x08001f9c   Section        0  stm32f1xx_hal_tim.o(i.HAL_TIM_ConfigClockSource)
    i.HAL_TIM_IC_CaptureCallback             0x08002072   Section        0  stm32f1xx_hal_tim.o(i.HAL_TIM_IC_CaptureCallback)
    i.HAL_TIM_IRQHandler                     0x08002074   Section        0  stm32f1xx_hal_tim.o(i.HAL_TIM_IRQHandler)
    i.HAL_TIM_OC_DelayElapsedCallback        0x080021da   Section        0  stm32f1xx_hal_tim.o(i.HAL_TIM_OC_DelayElapsedCallback)
    i.HAL_TIM_PWM_PulseFinishedCallback      0x080021dc   Section        0  stm32f1xx_hal_tim.o(i.HAL_TIM_PWM_PulseFinishedCallback)
    i.HAL_TIM_PeriodElapsedCallback          0x080021e0   Section        0  ds18b20.o(i.HAL_TIM_PeriodElapsedCallback)
    i.HAL_TIM_TriggerCallback                0x080021fc   Section        0  stm32f1xx_hal_tim.o(i.HAL_TIM_TriggerCallback)
    i.HardFault_Handler                      0x080021fe   Section        0  stm32f1xx_it.o(i.HardFault_Handler)
    i.Init_ds18b20                           0x08002200   Section        0  ds18b20.o(i.Init_ds18b20)
    i.LL_APB1_GRP1_EnableClock               0x08002214   Section        0  main.o(i.LL_APB1_GRP1_EnableClock)
    LL_APB1_GRP1_EnableClock                 0x08002215   Thumb Code    18  main.o(i.LL_APB1_GRP1_EnableClock)
    i.LL_APB2_GRP1_EnableClock               0x0800222c   Section        0  main.o(i.LL_APB2_GRP1_EnableClock)
    LL_APB2_GRP1_EnableClock                 0x0800222d   Thumb Code    18  main.o(i.LL_APB2_GRP1_EnableClock)
    i.LL_EXTI_Init                           0x08002244   Section        0  stm32f1xx_ll_exti.o(i.LL_EXTI_Init)
    i.LL_GPIO_Init                           0x080022e4   Section        0  stm32f1xx_ll_gpio.o(i.LL_GPIO_Init)
    i.LL_GPIO_IsInputPinSet                  0x080023d4   Section        0  button.o(i.LL_GPIO_IsInputPinSet)
    LL_GPIO_IsInputPinSet                    0x080023d5   Thumb Code    20  button.o(i.LL_GPIO_IsInputPinSet)
    i.LL_RCC_GetSystemClocksFreq             0x080023e8   Section        0  stm32f1xx_ll_rcc.o(i.LL_RCC_GetSystemClocksFreq)
    i.LL_SetSystemCoreClock                  0x08002408   Section        0  stm32f1xx_ll_utils.o(i.LL_SetSystemCoreClock)
    i.LL_TIM_Init                            0x08002414   Section        0  stm32f1xx_ll_tim.o(i.LL_TIM_Init)
    i.LL_USART_Init                          0x0800247c   Section        0  stm32f1xx_ll_usart.o(i.LL_USART_Init)
    i.LL_mDelay                              0x08002560   Section        0  stm32f1xx_ll_utils.o(i.LL_mDelay)
    i.Long_sound                             0x08002580   Section        0  main.o(i.Long_sound)
    i.MX_ADC1_Init                           0x080025c0   Section        0  main.o(i.MX_ADC1_Init)
    MX_ADC1_Init                             0x080025c1   Thumb Code   190  main.o(i.MX_ADC1_Init)
    i.MX_GPIO_Init                           0x08002688   Section        0  main.o(i.MX_GPIO_Init)
    MX_GPIO_Init                             0x08002689   Thumb Code   286  main.o(i.MX_GPIO_Init)
    i.MX_TIM2_Init                           0x080027c8   Section        0  main.o(i.MX_TIM2_Init)
    MX_TIM2_Init                             0x080027c9   Thumb Code    98  main.o(i.MX_TIM2_Init)
    i.MX_TIM3_Init                           0x08002830   Section        0  main.o(i.MX_TIM3_Init)
    MX_TIM3_Init                             0x08002831   Thumb Code   112  main.o(i.MX_TIM3_Init)
    i.MX_TIM4_Init                           0x080028a4   Section        0  main.o(i.MX_TIM4_Init)
    MX_TIM4_Init                             0x080028a5   Thumb Code   112  main.o(i.MX_TIM4_Init)
    i.MX_USART1_UART_Init                    0x08002918   Section        0  main.o(i.MX_USART1_UART_Init)
    MX_USART1_UART_Init                      0x08002919   Thumb Code   160  main.o(i.MX_USART1_UART_Init)
    i.MemManage_Handler                      0x080029c8   Section        0  stm32f1xx_it.o(i.MemManage_Handler)
    i.NMI_Handler                            0x080029ca   Section        0  stm32f1xx_it.o(i.NMI_Handler)
    i.NVIC_EncodePriority                    0x080029cc   Section        0  main.o(i.NVIC_EncodePriority)
    NVIC_EncodePriority                      0x080029cd   Thumb Code    50  main.o(i.NVIC_EncodePriority)
    i.PendSV_Handler                         0x080029fe   Section        0  stm32f1xx_it.o(i.PendSV_Handler)
    i.RCC_GetHCLKClockFreq                   0x08002a00   Section        0  stm32f1xx_ll_rcc.o(i.RCC_GetHCLKClockFreq)
    i.RCC_GetPCLK1ClockFreq                  0x08002a1c   Section        0  stm32f1xx_ll_rcc.o(i.RCC_GetPCLK1ClockFreq)
    i.RCC_GetPCLK2ClockFreq                  0x08002a38   Section        0  stm32f1xx_ll_rcc.o(i.RCC_GetPCLK2ClockFreq)
    i.RCC_GetSystemClockFreq                 0x08002a54   Section        0  stm32f1xx_ll_rcc.o(i.RCC_GetSystemClockFreq)
    i.RCC_PLL_GetFreqDomain_SYS              0x08002a78   Section        0  stm32f1xx_ll_rcc.o(i.RCC_PLL_GetFreqDomain_SYS)
    i.SVC_Handler                            0x08002ab4   Section        0  stm32f1xx_it.o(i.SVC_Handler)
    i.S_state                                0x08002ab8   Section        0  button.o(i.S_state)
    i.Short_sound                            0x08002b1c   Section        0  main.o(i.Short_sound)
    i.SysTick_Handler                        0x08002b5c   Section        0  stm32f1xx_it.o(i.SysTick_Handler)
    i.SystemClock_Config                     0x08002b60   Section        0  main.o(i.SystemClock_Config)
    i.SystemInit                             0x08002c08   Section        0  system_stm32f1xx.o(i.SystemInit)
    i.TIM2_IRQHandler                        0x08002c0c   Section        0  stm32f1xx_it.o(i.TIM2_IRQHandler)
    i.TIM3_IRQHandler                        0x08002c18   Section        0  stm32f1xx_it.o(i.TIM3_IRQHandler)
    i.TIM4_IRQHandler                        0x08002c48   Section        0  stm32f1xx_it.o(i.TIM4_IRQHandler)
    i.TIM_Base_SetConfig                     0x08002c70   Section        0  stm32f1xx_hal_tim.o(i.TIM_Base_SetConfig)
    i.TIM_ETR_SetConfig                      0x08002cdc   Section        0  stm32f1xx_hal_tim.o(i.TIM_ETR_SetConfig)
    i.TIM_ITRx_SetConfig                     0x08002cf0   Section        0  stm32f1xx_hal_tim.o(i.TIM_ITRx_SetConfig)
    TIM_ITRx_SetConfig                       0x08002cf1   Thumb Code    16  stm32f1xx_hal_tim.o(i.TIM_ITRx_SetConfig)
    i.TIM_TI1_ConfigInputStage               0x08002d00   Section        0  stm32f1xx_hal_tim.o(i.TIM_TI1_ConfigInputStage)
    TIM_TI1_ConfigInputStage                 0x08002d01   Thumb Code    34  stm32f1xx_hal_tim.o(i.TIM_TI1_ConfigInputStage)
    i.TIM_TI2_ConfigInputStage               0x08002d22   Section        0  stm32f1xx_hal_tim.o(i.TIM_TI2_ConfigInputStage)
    TIM_TI2_ConfigInputStage                 0x08002d23   Thumb Code    36  stm32f1xx_hal_tim.o(i.TIM_TI2_ConfigInputStage)
    i.USART1_IRQHandler                      0x08002d48   Section        0  stm32f1xx_it.o(i.USART1_IRQHandler)
    i.UsageFault_Handler                     0x08002d88   Section        0  stm32f1xx_it.o(i.UsageFault_Handler)
    i.__0sprintf                             0x08002d8c   Section        0  printfa.o(i.__0sprintf)
    i.__NVIC_EnableIRQ                       0x08002db4   Section        0  main.o(i.__NVIC_EnableIRQ)
    __NVIC_EnableIRQ                         0x08002db5   Thumb Code    26  main.o(i.__NVIC_EnableIRQ)
    i.__NVIC_GetPriorityGrouping             0x08002dd0   Section        0  main.o(i.__NVIC_GetPriorityGrouping)
    __NVIC_GetPriorityGrouping               0x08002dd1   Thumb Code    10  main.o(i.__NVIC_GetPriorityGrouping)
    i.__NVIC_SetPriority                     0x08002de0   Section        0  main.o(i.__NVIC_SetPriority)
    __NVIC_SetPriority                       0x08002de1   Thumb Code    32  main.o(i.__NVIC_SetPriority)
    i.__NVIC_SetPriority                     0x08002e00   Section        0  stm32f1xx_hal_cortex.o(i.__NVIC_SetPriority)
    __NVIC_SetPriority                       0x08002e01   Thumb Code    32  stm32f1xx_hal_cortex.o(i.__NVIC_SetPriority)
    i.__scatterload_copy                     0x08002e20   Section       14  handlers.o(i.__scatterload_copy)
    i.__scatterload_null                     0x08002e2e   Section        2  handlers.o(i.__scatterload_null)
    i.__scatterload_zeroinit                 0x08002e30   Section       14  handlers.o(i.__scatterload_zeroinit)
    i._fp_digits                             0x08002e40   Section        0  printfa.o(i._fp_digits)
    _fp_digits                               0x08002e41   Thumb Code   366  printfa.o(i._fp_digits)
    i._printf_core                           0x08002fc4   Section        0  printfa.o(i._printf_core)
    _printf_core                             0x08002fc5   Thumb Code  1704  printfa.o(i._printf_core)
    i._printf_post_padding                   0x08003678   Section        0  printfa.o(i._printf_post_padding)
    _printf_post_padding                     0x08003679   Thumb Code    36  printfa.o(i._printf_post_padding)
    i._printf_pre_padding                    0x0800369c   Section        0  printfa.o(i._printf_pre_padding)
    _printf_pre_padding                      0x0800369d   Thumb Code    46  printfa.o(i._printf_pre_padding)
    i._sputc                                 0x080036ca   Section        0  printfa.o(i._sputc)
    _sputc                                   0x080036cb   Thumb Code    10  printfa.o(i._sputc)
    i.channels_on_off                        0x080036d4   Section        0  main.o(i.channels_on_off)
    i.check_uart                             0x08003708   Section        0  main.o(i.check_uart)
    i.clearDisplay                           0x08003a38   Section        0  tm1637.o(i.clearDisplay)
    i.clear_rx_buf                           0x08003a60   Section        0  main.o(i.clear_rx_buf)
    i.coding                                 0x08003a84   Section        0  tm1637.o(i.coding)
    i.coding_mass                            0x08003aac   Section        0  tm1637.o(i.coding_mass)
    i.condition_0                            0x08003ae4   Section        0  main.o(i.condition_0)
    i.condition_1                            0x08003b80   Section        0  main.o(i.condition_1)
    i.condition_2                            0x08003c50   Section        0  main.o(i.condition_2)
    i.delay_micros                           0x08003e48   Section        0  delay_micros.o(i.delay_micros)
    i.display                                0x08003e70   Section        0  tm1637.o(i.display)
    i.display_mass                           0x08003ebc   Section        0  tm1637.o(i.display_mass)
    i.ds18b20_getTemperature                 0x08003f1c   Section        0  ds18b20.o(i.ds18b20_getTemperature)
    i.erase_flash                            0x08003f4c   Section        0  flashprom.o(i.erase_flash)
    i.fill_array_for_show_double             0x08003f78   Section        0  main.o(i.fill_array_for_show_double)
    i.fill_array_for_show_number_of_channel  0x08003fd4   Section        0  main.o(i.fill_array_for_show_number_of_channel)
    i.fill_array_for_show_temp               0x08003fe4   Section        0  main.o(i.fill_array_for_show_temp)
    i.flash_search_adress                    0x08004040   Section        0  flashprom.o(i.flash_search_adress)
    i.getDevider                             0x08004074   Section        0  ds18b20.o(i.getDevider)
    i.ledfrontpanel_on_off                   0x08004090   Section        0  main.o(i.ledfrontpanel_on_off)
    i.main                                   0x080040c0   Section        0  main.o(i.main)
    i.readBit                                0x0800434c   Section        0  ds18b20.o(i.readBit)
    i.read_last_data_in_flash                0x08004390   Section        0  flashprom.o(i.read_last_data_in_flash)
    i.resTemperature                         0x080043bc   Section        0  ds18b20.o(i.resTemperature)
    i.reset                                  0x080043ec   Section        0  ds18b20.o(i.reset)
    i.setResolution                          0x0800441c   Section        0  ds18b20.o(i.setResolution)
    i.set_brightness                         0x0800445c   Section        0  tm1637.o(i.set_brightness)
    i.start                                  0x08004468   Section        0  tm1637.o(i.start)
    i.stop                                   0x08004494   Section        0  tm1637.o(i.stop)
    i.usart_send_byte                        0x080044c0   Section        0  main.o(i.usart_send_byte)
    i.usart_send_string                      0x080044d4   Section        0  main.o(i.usart_send_string)
    i.writeBit                               0x080044ec   Section        0  ds18b20.o(i.writeBit)
    i.writeByte                              0x08004528   Section        0  tm1637.o(i.writeByte)
    i.writeBytetemp                          0x080045b8   Section        0  ds18b20.o(i.writeBytetemp)
    .constdata                               0x080045dc   Section       16  system_stm32f1xx.o(.constdata)
    .constdata                               0x080045ec   Section        8  system_stm32f1xx.o(.constdata)
    .data                                    0x20000000   Section      240  main.o(.data)
    b                                        0x20000034   Data           8  main.o(.data)
    buf                                      0x200000e0   Data          16  main.o(.data)
    .data                                    0x200000f0   Section       12  stm32f1xx_hal.o(.data)
    .data                                    0x200000fc   Section        4  system_stm32f1xx.o(.data)
    .data                                    0x20000100   Section       62  tm1637.o(.data)
    TubeTab                                  0x20000102   Data          60  tm1637.o(.data)
    .data                                    0x20000140   Section        8  button.o(.data)
    b                                        0x20000141   Data           1  button.o(.data)
    i                                        0x20000142   Data           1  button.o(.data)
    .data                                    0x20000148   Section        4  ds18b20.o(.data)
    .bss                                     0x20000150   Section      352  main.o(.bss)
    .bss                                     0x200002b0   Section       68  main.o(.bss)
    .bss                                     0x200002f4   Section      256  main.o(.bss)
    .bss                                     0x200003f8   Section       32  stm32f1xx_hal_flash.o(.bss)
    .bss                                     0x20000418   Section       32  button.o(.bss)
    .bss                                     0x20000438   Section       16  flashprom.o(.bss)
    EraseInitStruct                          0x20000438   Data          16  flashprom.o(.bss)
    STACK                                    0x20000448   Section     1024  startup_stm32f103xb.o(STACK)

    Global Symbols

    Symbol Name                              Value     Ov Type        Size  Object(Section)

    BuildAttributes$$THM_ISAv4$P$D$K$B$S$PE$A:L22UL41UL21$X:L11$S22US41US21$IEEE1$IW$USESV6$~STKCKD$USESV7$~SHL$OTIME$ROPI$EBA8$MICROLIB$REQ8$PRES8$EABIv2 0x00000000   Number         0  anon$$obj.o ABSOLUTE
    __ARM_use_no_argv                        0x00000000   Number         0  main.o ABSOLUTE
    _printf_a                                0x00000000   Number         0  stubs.o ABSOLUTE
    _printf_c                                0x00000000   Number         0  stubs.o ABSOLUTE
    _printf_charcount                        0x00000000   Number         0  stubs.o ABSOLUTE
    _printf_d                                0x00000000   Number         0  stubs.o ABSOLUTE
    _printf_e                                0x00000000   Number         0  stubs.o ABSOLUTE
    _printf_f                                0x00000000   Number         0  stubs.o ABSOLUTE
    _printf_flags                            0x00000000   Number         0  stubs.o ABSOLUTE
    _printf_fp_dec                           0x00000000   Number         0  stubs.o ABSOLUTE
    _printf_fp_hex                           0x00000000   Number         0  stubs.o ABSOLUTE
    _printf_g                                0x00000000   Number         0  stubs.o ABSOLUTE
    _printf_i                                0x00000000   Number         0  stubs.o ABSOLUTE
    _printf_int_dec                          0x00000000   Number         0  stubs.o ABSOLUTE
    _printf_l                                0x00000000   Number         0  stubs.o ABSOLUTE
    _printf_lc                               0x00000000   Number         0  stubs.o ABSOLUTE
    _printf_ll                               0x00000000   Number         0  stubs.o ABSOLUTE
    _printf_lld                              0x00000000   Number         0  stubs.o ABSOLUTE
    _printf_lli                              0x00000000   Number         0  stubs.o ABSOLUTE
    _printf_llo                              0x00000000   Number         0  stubs.o ABSOLUTE
    _printf_llu                              0x00000000   Number         0  stubs.o ABSOLUTE
    _printf_llx                              0x00000000   Number         0  stubs.o ABSOLUTE
    _printf_longlong_dec                     0x00000000   Number         0  stubs.o ABSOLUTE
    _printf_longlong_hex                     0x00000000   Number         0  stubs.o ABSOLUTE
    _printf_longlong_oct                     0x00000000   Number         0  stubs.o ABSOLUTE
    _printf_ls                               0x00000000   Number         0  stubs.o ABSOLUTE
    _printf_mbtowc                           0x00000000   Number         0  stubs.o ABSOLUTE
    _printf_n                                0x00000000   Number         0  stubs.o ABSOLUTE
    _printf_o                                0x00000000   Number         0  stubs.o ABSOLUTE
    _printf_p                                0x00000000   Number         0  stubs.o ABSOLUTE
    _printf_percent                          0x00000000   Number         0  stubs.o ABSOLUTE
    _printf_pre_padding                      0x00000000   Number         0  stubs.o ABSOLUTE
    _printf_return_value                     0x00000000   Number         0  stubs.o ABSOLUTE
    _printf_s                                0x00000000   Number         0  stubs.o ABSOLUTE
    _printf_sizespec                         0x00000000   Number         0  stubs.o ABSOLUTE
    _printf_str                              0x00000000   Number         0  stubs.o ABSOLUTE
    _printf_truncate_signed                  0x00000000   Number         0  stubs.o ABSOLUTE
    _printf_truncate_unsigned                0x00000000   Number         0  stubs.o ABSOLUTE
    _printf_u                                0x00000000   Number         0  stubs.o ABSOLUTE
    _printf_wc                               0x00000000   Number         0  stubs.o ABSOLUTE
    _printf_wctomb                           0x00000000   Number         0  stubs.o ABSOLUTE
    _printf_widthprec                        0x00000000   Number         0  stubs.o ABSOLUTE
    _printf_x                                0x00000000   Number         0  stubs.o ABSOLUTE
    __arm_fini_                               - Undefined Weak Reference
    __cpp_initialize__aeabi_                  - Undefined Weak Reference
    __cxa_finalize                            - Undefined Weak Reference
    _clock_init                               - Undefined Weak Reference
    _microlib_exit                            - Undefined Weak Reference
    __Vectors_Size                           0x000000ec   Number         0  startup_stm32f103xb.o ABSOLUTE
    __Vectors                                0x08000000   Data           4  startup_stm32f103xb.o(RESET)
    __Vectors_End                            0x080000ec   Data           0  startup_stm32f103xb.o(RESET)
    __main                                   0x080000ed   Thumb Code     0  entry.o(.ARM.Collect$$$$00000000)
    _main_stk                                0x080000ed   Thumb Code     0  entry2.o(.ARM.Collect$$$$00000001)
    _main_scatterload                        0x080000f1   Thumb Code     0  entry5.o(.ARM.Collect$$$$00000004)
    __main_after_scatterload                 0x080000f5   Thumb Code     0  entry5.o(.ARM.Collect$$$$00000004)
    _main_clock                              0x080000f5   Thumb Code     0  entry7b.o(.ARM.Collect$$$$00000008)
    _main_cpp_init                           0x080000f5   Thumb Code     0  entry8b.o(.ARM.Collect$$$$0000000A)
    _main_init                               0x080000f5   Thumb Code     0  entry9a.o(.ARM.Collect$$$$0000000B)
    __rt_lib_shutdown_fini                   0x080000fd   Thumb Code     0  entry12b.o(.ARM.Collect$$$$0000000E)
    __rt_final_cpp                           0x08000101   Thumb Code     0  entry10a.o(.ARM.Collect$$$$0000000F)
    __rt_final_exit                          0x08000101   Thumb Code     0  entry11a.o(.ARM.Collect$$$$00000011)
    Reset_Handler                            0x08000105   Thumb Code     8  startup_stm32f103xb.o(.text)
    ADC1_2_IRQHandler                        0x0800011f   Thumb Code     0  startup_stm32f103xb.o(.text)
    CAN1_RX1_IRQHandler                      0x0800011f   Thumb Code     0  startup_stm32f103xb.o(.text)
    CAN1_SCE_IRQHandler                      0x0800011f   Thumb Code     0  startup_stm32f103xb.o(.text)
    DMA1_Channel2_IRQHandler                 0x0800011f   Thumb Code     0  startup_stm32f103xb.o(.text)
    DMA1_Channel3_IRQHandler                 0x0800011f   Thumb Code     0  startup_stm32f103xb.o(.text)
    DMA1_Channel4_IRQHandler                 0x0800011f   Thumb Code     0  startup_stm32f103xb.o(.text)
    DMA1_Channel5_IRQHandler                 0x0800011f   Thumb Code     0  startup_stm32f103xb.o(.text)
    DMA1_Channel6_IRQHandler                 0x0800011f   Thumb Code     0  startup_stm32f103xb.o(.text)
    DMA1_Channel7_IRQHandler                 0x0800011f   Thumb Code     0  startup_stm32f103xb.o(.text)
    EXTI0_IRQHandler                         0x0800011f   Thumb Code     0  startup_stm32f103xb.o(.text)
    EXTI15_10_IRQHandler                     0x0800011f   Thumb Code     0  startup_stm32f103xb.o(.text)
    EXTI1_IRQHandler                         0x0800011f   Thumb Code     0  startup_stm32f103xb.o(.text)
    EXTI2_IRQHandler                         0x0800011f   Thumb Code     0  startup_stm32f103xb.o(.text)
    EXTI3_IRQHandler                         0x0800011f   Thumb Code     0  startup_stm32f103xb.o(.text)
    EXTI4_IRQHandler                         0x0800011f   Thumb Code     0  startup_stm32f103xb.o(.text)
    FLASH_IRQHandler                         0x0800011f   Thumb Code     0  startup_stm32f103xb.o(.text)
    I2C1_ER_IRQHandler                       0x0800011f   Thumb Code     0  startup_stm32f103xb.o(.text)
    I2C1_EV_IRQHandler                       0x0800011f   Thumb Code     0  startup_stm32f103xb.o(.text)
    I2C2_ER_IRQHandler                       0x0800011f   Thumb Code     0  startup_stm32f103xb.o(.text)
    I2C2_EV_IRQHandler                       0x0800011f   Thumb Code     0  startup_stm32f103xb.o(.text)
    PVD_IRQHandler                           0x0800011f   Thumb Code     0  startup_stm32f103xb.o(.text)
    RCC_IRQHandler                           0x0800011f   Thumb Code     0  startup_stm32f103xb.o(.text)
    RTC_Alarm_IRQHandler                     0x0800011f   Thumb Code     0  startup_stm32f103xb.o(.text)
    RTC_IRQHandler                           0x0800011f   Thumb Code     0  startup_stm32f103xb.o(.text)
    SPI1_IRQHandler                          0x0800011f   Thumb Code     0  startup_stm32f103xb.o(.text)
    SPI2_IRQHandler                          0x0800011f   Thumb Code     0  startup_stm32f103xb.o(.text)
    TAMPER_IRQHandler                        0x0800011f   Thumb Code     0  startup_stm32f103xb.o(.text)
    TIM1_BRK_IRQHandler                      0x0800011f   Thumb Code     0  startup_stm32f103xb.o(.text)
    TIM1_CC_IRQHandler                       0x0800011f   Thumb Code     0  startup_stm32f103xb.o(.text)
    TIM1_TRG_COM_IRQHandler                  0x0800011f   Thumb Code     0  startup_stm32f103xb.o(.text)
    TIM1_UP_IRQHandler                       0x0800011f   Thumb Code     0  startup_stm32f103xb.o(.text)
    USART2_IRQHandler                        0x0800011f   Thumb Code     0  startup_stm32f103xb.o(.text)
    USART3_IRQHandler                        0x0800011f   Thumb Code     0  startup_stm32f103xb.o(.text)
    USBWakeUp_IRQHandler                     0x0800011f   Thumb Code     0  startup_stm32f103xb.o(.text)
    USB_HP_CAN1_TX_IRQHandler                0x0800011f   Thumb Code     0  startup_stm32f103xb.o(.text)
    USB_LP_CAN1_RX0_IRQHandler               0x0800011f   Thumb Code     0  startup_stm32f103xb.o(.text)
    WWDG_IRQHandler                          0x0800011f   Thumb Code     0  startup_stm32f103xb.o(.text)
    __aeabi_llsr                             0x08000129   Thumb Code    32  llushr.o(.text)
    _ll_ushift_r                             0x08000129   Thumb Code     0  llushr.o(.text)
    __aeabi_memset                           0x08000149   Thumb Code    14  memseta.o(.text)
    __aeabi_memset4                          0x08000149   Thumb Code     0  memseta.o(.text)
    __aeabi_memset8                          0x08000149   Thumb Code     0  memseta.o(.text)
    __aeabi_memclr                           0x08000157   Thumb Code     4  memseta.o(.text)
    __aeabi_memclr4                          0x08000157   Thumb Code     0  memseta.o(.text)
    __aeabi_memclr8                          0x08000157   Thumb Code     0  memseta.o(.text)
    _memset$wrapper                          0x0800015b   Thumb Code    18  memseta.o(.text)
    strstr                                   0x0800016d   Thumb Code    36  strstr.o(.text)
    __aeabi_fmul                             0x08000191   Thumb Code   100  fmul.o(.text)
    __aeabi_dadd                             0x080001f5   Thumb Code   322  dadd.o(.text)
    __aeabi_dsub                             0x08000337   Thumb Code     6  dadd.o(.text)
    __aeabi_drsub                            0x0800033d   Thumb Code     6  dadd.o(.text)
    __aeabi_dmul                             0x08000343   Thumb Code   228  dmul.o(.text)
    __aeabi_ddiv                             0x08000427   Thumb Code   222  ddiv.o(.text)
    __ARM_scalbn                             0x08000505   Thumb Code    46  dscalb.o(.text)
    scalbn                                   0x08000505   Thumb Code     0  dscalb.o(.text)
    __aeabi_i2f                              0x08000533   Thumb Code    18  fflti.o(.text)
    __aeabi_i2d                              0x08000545   Thumb Code    34  dflti.o(.text)
    __aeabi_ui2d                             0x08000567   Thumb Code    26  dfltui.o(.text)
    __aeabi_f2iz                             0x08000581   Thumb Code    50  ffixi.o(.text)
    __aeabi_d2iz                             0x080005b3   Thumb Code    62  dfixi.o(.text)
    __aeabi_d2uiz                            0x080005f1   Thumb Code    50  dfixui.o(.text)
    __aeabi_f2d                              0x08000623   Thumb Code    38  f2d.o(.text)
    __aeabi_uidiv                            0x08000649   Thumb Code     0  uidiv.o(.text)
    __aeabi_uidivmod                         0x08000649   Thumb Code    44  uidiv.o(.text)
    __aeabi_uldivmod                         0x08000675   Thumb Code    98  uldiv.o(.text)
    __aeabi_llsl                             0x080006d7   Thumb Code    30  llshl.o(.text)
    _ll_shift_l                              0x080006d7   Thumb Code     0  llshl.o(.text)
    __aeabi_lasr                             0x080006f5   Thumb Code    36  llsshr.o(.text)
    _ll_sshift_r                             0x080006f5   Thumb Code     0  llsshr.o(.text)
    __I$use$fp                               0x08000719   Thumb Code     0  iusefp.o(.text)
    _float_round                             0x08000719   Thumb Code    18  fepilogue.o(.text)
    _float_epilogue                          0x0800072b   Thumb Code    92  fepilogue.o(.text)
    _double_round                            0x08000787   Thumb Code    30  depilogue.o(.text)
    _double_epilogue                         0x080007a5   Thumb Code   156  depilogue.o(.text)
    __aeabi_d2ulz                            0x08000841   Thumb Code    48  dfixul.o(.text)
    __aeabi_cdrcmple                         0x08000871   Thumb Code    48  cdrcmple.o(.text)
    __scatterload                            0x080008a1   Thumb Code    28  init.o(.text)
    __scatterload_rt2                        0x080008a1   Thumb Code     0  init.o(.text)
    __decompress                             0x080008c5   Thumb Code     0  __dczerorl2.o(.text)
    __decompress1                            0x080008c5   Thumb Code    86  __dczerorl2.o(.text)
    ADC_ConversionStop_Disable               0x0800091d   Thumb Code    86  stm32f1xx_hal_adc.o(i.ADC_ConversionStop_Disable)
    ADC_DMAConvCplt                          0x08000973   Thumb Code    78  stm32f1xx_hal_adc.o(i.ADC_DMAConvCplt)
    ADC_DMAError                             0x080009c1   Thumb Code    26  stm32f1xx_hal_adc.o(i.ADC_DMAError)
    ADC_DMAHalfConvCplt                      0x080009db   Thumb Code    10  stm32f1xx_hal_adc.o(i.ADC_DMAHalfConvCplt)
    ADC_Enable                               0x080009e5   Thumb Code   114  stm32f1xx_hal_adc.o(i.ADC_Enable)
    Are_all_lights_on_cheking                0x08000a61   Thumb Code   206  main.o(i.Are_all_lights_on_cheking)
    BusFault_Handler                         0x08000b39   Thumb Code     2  stm32f1xx_it.o(i.BusFault_Handler)
    ButtonRead                               0x08000b3d   Thumb Code   266  button.o(i.ButtonRead)
    Calibration                              0x08000c59   Thumb Code   776  main.o(i.Calibration)
    Check_Button                             0x08000f6d   Thumb Code   184  main.o(i.Check_Button)
    Check_condition                          0x0800102d   Thumb Code    46  main.o(i.Check_condition)
    DMA1_Channel1_IRQHandler                 0x08001061   Thumb Code     6  stm32f1xx_it.o(i.DMA1_Channel1_IRQHandler)
    DWT_Init                                 0x08001099   Thumb Code    22  delay_micros.o(i.DWT_Init)
    DebugMon_Handler                         0x080010b9   Thumb Code     2  stm32f1xx_it.o(i.DebugMon_Handler)
    EXTI9_5_IRQHandler                       0x080010bd   Thumb Code    44  stm32f1xx_it.o(i.EXTI9_5_IRQHandler)
    Error_Handler                            0x080010f9   Thumb Code     4  main.o(i.Error_Handler)
    FLASH_PageErase                          0x08001121   Thumb Code    28  stm32f1xx_hal_flash_ex.o(i.FLASH_PageErase)
    FLASH_WaitForLastOperation               0x080011a1   Thumb Code    80  stm32f1xx_hal_flash.o(i.FLASH_WaitForLastOperation)
    HAL_ADCEx_Calibration_Start              0x080011f5   Thumb Code   210  stm32f1xx_hal_adc_ex.o(i.HAL_ADCEx_Calibration_Start)
    HAL_ADC_ConfigChannel                    0x080012cd   Thumb Code   240  stm32f1xx_hal_adc.o(i.HAL_ADC_ConfigChannel)
    HAL_ADC_ConvCpltCallback                 0x080013c9   Thumb Code     2  stm32f1xx_hal_adc.o(i.HAL_ADC_ConvCpltCallback)
    HAL_ADC_ConvHalfCpltCallback             0x080013cb   Thumb Code     2  stm32f1xx_hal_adc.o(i.HAL_ADC_ConvHalfCpltCallback)
    HAL_ADC_ErrorCallback                    0x080013cd   Thumb Code     2  stm32f1xx_hal_adc.o(i.HAL_ADC_ErrorCallback)
    HAL_ADC_Init                             0x080013d1   Thumb Code   272  stm32f1xx_hal_adc.o(i.HAL_ADC_Init)
    HAL_ADC_MspInit                          0x080014ed   Thumb Code   120  stm32f1xx_hal_msp.o(i.HAL_ADC_MspInit)
    HAL_ADC_Start_DMA                        0x08001579   Thumb Code   246  stm32f1xx_hal_adc.o(i.HAL_ADC_Start_DMA)
    HAL_CRC_Init                             0x08001685   Thumb Code    34  stm32f1xx_hal_crc.o(i.HAL_CRC_Init)
    HAL_CRC_MspInit                          0x080016a9   Thumb Code    30  stm32f1xx_hal_msp.o(i.HAL_CRC_MspInit)
    HAL_DMA_IRQHandler                       0x080016d1   Thumb Code   316  stm32f1xx_hal_dma.o(i.HAL_DMA_IRQHandler)
    HAL_DMA_Init                             0x08001825   Thumb Code    84  stm32f1xx_hal_dma.o(i.HAL_DMA_Init)
    HAL_DMA_Start_IT                         0x08001881   Thumb Code   112  stm32f1xx_hal_dma.o(i.HAL_DMA_Start_IT)
    HAL_FLASHEx_Erase                        0x080018f1   Thumb Code   160  stm32f1xx_hal_flash_ex.o(i.HAL_FLASHEx_Erase)
    HAL_FLASH_Lock                           0x08001999   Thumb Code    14  stm32f1xx_hal_flash.o(i.HAL_FLASH_Lock)
    HAL_FLASH_Unlock                         0x080019ad   Thumb Code    28  stm32f1xx_hal_flash.o(i.HAL_FLASH_Unlock)
    HAL_GPIO_Init                            0x080019d5   Thumb Code   446  stm32f1xx_hal_gpio.o(i.HAL_GPIO_Init)
    HAL_GPIO_ReadPin                         0x08001bb5   Thumb Code    10  stm32f1xx_hal_gpio.o(i.HAL_GPIO_ReadPin)
    HAL_GPIO_WritePin                        0x08001bbf   Thumb Code    10  stm32f1xx_hal_gpio.o(i.HAL_GPIO_WritePin)
    HAL_GetTick                              0x08001bc9   Thumb Code     6  stm32f1xx_hal.o(i.HAL_GetTick)
    HAL_IncTick                              0x08001bd5   Thumb Code    12  stm32f1xx_hal.o(i.HAL_IncTick)
    HAL_Init                                 0x08001be5   Thumb Code    32  stm32f1xx_hal.o(i.HAL_Init)
    HAL_InitTick                             0x08001c09   Thumb Code    54  stm32f1xx_hal.o(i.HAL_InitTick)
    HAL_MspInit                              0x08001c49   Thumb Code    52  stm32f1xx_hal_msp.o(i.HAL_MspInit)
    HAL_NVIC_EnableIRQ                       0x08001c85   Thumb Code    26  stm32f1xx_hal_cortex.o(i.HAL_NVIC_EnableIRQ)
    HAL_NVIC_SetPriority                     0x08001ca1   Thumb Code    60  stm32f1xx_hal_cortex.o(i.HAL_NVIC_SetPriority)
    HAL_NVIC_SetPriorityGrouping             0x08001ce1   Thumb Code    26  stm32f1xx_hal_cortex.o(i.HAL_NVIC_SetPriorityGrouping)
    HAL_RCCEx_GetPeriphCLKFreq               0x08001d05   Thumb Code   166  stm32f1xx_hal_rcc_ex.o(i.HAL_RCCEx_GetPeriphCLKFreq)
    HAL_RCC_GetPCLK2Freq                     0x08001dcd   Thumb Code    20  stm32f1xx_hal_rcc.o(i.HAL_RCC_GetPCLK2Freq)
    HAL_SYSTICK_Config                       0x08001ded   Thumb Code    40  stm32f1xx_hal_cortex.o(i.HAL_SYSTICK_Config)
    HAL_TIMEx_BreakCallback                  0x08001e15   Thumb Code     2  stm32f1xx_hal_tim_ex.o(i.HAL_TIMEx_BreakCallback)
    HAL_TIMEx_CommutCallback                 0x08001e17   Thumb Code     2  stm32f1xx_hal_tim_ex.o(i.HAL_TIMEx_CommutCallback)
    HAL_TIMEx_MasterConfigSynchronization    0x08001e19   Thumb Code    92  stm32f1xx_hal_tim_ex.o(i.HAL_TIMEx_MasterConfigSynchronization)
    HAL_TIM_Base_Init                        0x08001e81   Thumb Code    90  stm32f1xx_hal_tim.o(i.HAL_TIM_Base_Init)
    HAL_TIM_Base_MspInit                     0x08001edd   Thumb Code    50  stm32f1xx_hal_msp.o(i.HAL_TIM_Base_MspInit)
    HAL_TIM_Base_Start_IT                    0x08001f15   Thumb Code    76  stm32f1xx_hal_tim.o(i.HAL_TIM_Base_Start_IT)
    HAL_TIM_Base_Stop_IT                     0x08001f6d   Thumb Code    48  stm32f1xx_hal_tim.o(i.HAL_TIM_Base_Stop_IT)
    HAL_TIM_ConfigClockSource                0x08001f9d   Thumb Code   214  stm32f1xx_hal_tim.o(i.HAL_TIM_ConfigClockSource)
    HAL_TIM_IC_CaptureCallback               0x08002073   Thumb Code     2  stm32f1xx_hal_tim.o(i.HAL_TIM_IC_CaptureCallback)
    HAL_TIM_IRQHandler                       0x08002075   Thumb Code   358  stm32f1xx_hal_tim.o(i.HAL_TIM_IRQHandler)
    HAL_TIM_OC_DelayElapsedCallback          0x080021db   Thumb Code     2  stm32f1xx_hal_tim.o(i.HAL_TIM_OC_DelayElapsedCallback)
    HAL_TIM_PWM_PulseFinishedCallback        0x080021dd   Thumb Code     2  stm32f1xx_hal_tim.o(i.HAL_TIM_PWM_PulseFinishedCallback)
    HAL_TIM_PeriodElapsedCallback            0x080021e1   Thumb Code    20  ds18b20.o(i.HAL_TIM_PeriodElapsedCallback)
    HAL_TIM_TriggerCallback                  0x080021fd   Thumb Code     2  stm32f1xx_hal_tim.o(i.HAL_TIM_TriggerCallback)
    HardFault_Handler                        0x080021ff   Thumb Code     2  stm32f1xx_it.o(i.HardFault_Handler)
    Init_ds18b20                             0x08002201   Thumb Code    18  ds18b20.o(i.Init_ds18b20)
    LL_EXTI_Init                             0x08002245   Thumb Code   156  stm32f1xx_ll_exti.o(i.LL_EXTI_Init)
    LL_GPIO_Init                             0x080022e5   Thumb Code   240  stm32f1xx_ll_gpio.o(i.LL_GPIO_Init)
    LL_RCC_GetSystemClocksFreq               0x080023e9   Thumb Code    32  stm32f1xx_ll_rcc.o(i.LL_RCC_GetSystemClocksFreq)
    LL_SetSystemCoreClock                    0x08002409   Thumb Code     6  stm32f1xx_ll_utils.o(i.LL_SetSystemCoreClock)
    LL_TIM_Init                              0x08002415   Thumb Code    92  stm32f1xx_ll_tim.o(i.LL_TIM_Init)
    LL_USART_Init                            0x0800247d   Thumb Code   214  stm32f1xx_ll_usart.o(i.LL_USART_Init)
    LL_mDelay                                0x08002561   Thumb Code    30  stm32f1xx_ll_utils.o(i.LL_mDelay)
    Long_sound                               0x08002581   Thumb Code    50  main.o(i.Long_sound)
    MemManage_Handler                        0x080029c9   Thumb Code     2  stm32f1xx_it.o(i.MemManage_Handler)
    NMI_Handler                              0x080029cb   Thumb Code     2  stm32f1xx_it.o(i.NMI_Handler)
    PendSV_Handler                           0x080029ff   Thumb Code     2  stm32f1xx_it.o(i.PendSV_Handler)
    RCC_GetHCLKClockFreq                     0x08002a01   Thumb Code    18  stm32f1xx_ll_rcc.o(i.RCC_GetHCLKClockFreq)
    RCC_GetPCLK1ClockFreq                    0x08002a1d   Thumb Code    20  stm32f1xx_ll_rcc.o(i.RCC_GetPCLK1ClockFreq)
    RCC_GetPCLK2ClockFreq                    0x08002a39   Thumb Code    20  stm32f1xx_ll_rcc.o(i.RCC_GetPCLK2ClockFreq)
    RCC_GetSystemClockFreq                   0x08002a55   Thumb Code    26  stm32f1xx_ll_rcc.o(i.RCC_GetSystemClockFreq)
    RCC_PLL_GetFreqDomain_SYS                0x08002a79   Thumb Code    48  stm32f1xx_ll_rcc.o(i.RCC_PLL_GetFreqDomain_SYS)
    SVC_Handler                              0x08002ab5   Thumb Code     2  stm32f1xx_it.o(i.SVC_Handler)
    S_state                                  0x08002ab9   Thumb Code    90  button.o(i.S_state)
    Short_sound                              0x08002b1d   Thumb Code    50  main.o(i.Short_sound)
    SysTick_Handler                          0x08002b5d   Thumb Code     4  stm32f1xx_it.o(i.SysTick_Handler)
    SystemClock_Config                       0x08002b61   Thumb Code   154  main.o(i.SystemClock_Config)
    SystemInit                               0x08002c09   Thumb Code     2  system_stm32f1xx.o(i.SystemInit)
    TIM2_IRQHandler                          0x08002c0d   Thumb Code     6  stm32f1xx_it.o(i.TIM2_IRQHandler)
    TIM3_IRQHandler                          0x08002c19   Thumb Code    34  stm32f1xx_it.o(i.TIM3_IRQHandler)
    TIM4_IRQHandler                          0x08002c49   Thumb Code    30  stm32f1xx_it.o(i.TIM4_IRQHandler)
    TIM_Base_SetConfig                       0x08002c71   Thumb Code    94  stm32f1xx_hal_tim.o(i.TIM_Base_SetConfig)
    TIM_ETR_SetConfig                        0x08002cdd   Thumb Code    20  stm32f1xx_hal_tim.o(i.TIM_ETR_SetConfig)
    USART1_IRQHandler                        0x08002d49   Thumb Code    42  stm32f1xx_it.o(i.USART1_IRQHandler)
    UsageFault_Handler                       0x08002d89   Thumb Code     2  stm32f1xx_it.o(i.UsageFault_Handler)
    __0sprintf                               0x08002d8d   Thumb Code    34  printfa.o(i.__0sprintf)
    __1sprintf                               0x08002d8d   Thumb Code     0  printfa.o(i.__0sprintf)
    __2sprintf                               0x08002d8d   Thumb Code     0  printfa.o(i.__0sprintf)
    __c89sprintf                             0x08002d8d   Thumb Code     0  printfa.o(i.__0sprintf)
    sprintf                                  0x08002d8d   Thumb Code     0  printfa.o(i.__0sprintf)
    __scatterload_copy                       0x08002e21   Thumb Code    14  handlers.o(i.__scatterload_copy)
    __scatterload_null                       0x08002e2f   Thumb Code     2  handlers.o(i.__scatterload_null)
    __scatterload_zeroinit                   0x08002e31   Thumb Code    14  handlers.o(i.__scatterload_zeroinit)
    channels_on_off                          0x080036d5   Thumb Code    44  main.o(i.channels_on_off)
    check_uart                               0x08003709   Thumb Code   666  main.o(i.check_uart)
    clearDisplay                             0x08003a39   Thumb Code    38  tm1637.o(i.clearDisplay)
    clear_rx_buf                             0x08003a61   Thumb Code    28  main.o(i.clear_rx_buf)
    coding                                   0x08003a85   Thumb Code    34  tm1637.o(i.coding)
    coding_mass                              0x08003aad   Thumb Code    50  tm1637.o(i.coding_mass)
    condition_0                              0x08003ae5   Thumb Code   134  main.o(i.condition_0)
    condition_1                              0x08003b81   Thumb Code   172  main.o(i.condition_1)
    condition_2                              0x08003c51   Thumb Code   460  main.o(i.condition_2)
    delay_micros                             0x08003e49   Thumb Code    26  delay_micros.o(i.delay_micros)
    display                                  0x08003e71   Thumb Code    72  tm1637.o(i.display)
    display_mass                             0x08003ebd   Thumb Code    90  tm1637.o(i.display_mass)
    ds18b20_getTemperature                   0x08003f1d   Thumb Code    38  ds18b20.o(i.ds18b20_getTemperature)
    erase_flash                              0x08003f4d   Thumb Code    36  flashprom.o(i.erase_flash)
    fill_array_for_show_double               0x08003f79   Thumb Code    88  main.o(i.fill_array_for_show_double)
    fill_array_for_show_number_of_channel    0x08003fd5   Thumb Code    16  main.o(i.fill_array_for_show_number_of_channel)
    fill_array_for_show_temp                 0x08003fe5   Thumb Code    86  main.o(i.fill_array_for_show_temp)
    flash_search_adress                      0x08004041   Thumb Code    44  flashprom.o(i.flash_search_adress)
    getDevider                               0x08004075   Thumb Code    28  ds18b20.o(i.getDevider)
    ledfrontpanel_on_off                     0x08004091   Thumb Code    40  main.o(i.ledfrontpanel_on_off)
    main                                     0x080040c1   Thumb Code   580  main.o(i.main)
    readBit                                  0x0800434d   Thumb Code    62  ds18b20.o(i.readBit)
    read_last_data_in_flash                  0x08004391   Thumb Code    34  flashprom.o(i.read_last_data_in_flash)
    resTemperature                           0x080043bd   Thumb Code    46  ds18b20.o(i.resTemperature)
    reset                                    0x080043ed   Thumb Code    44  ds18b20.o(i.reset)
    setResolution                            0x0800441d   Thumb Code    58  ds18b20.o(i.setResolution)
    set_brightness                           0x0800445d   Thumb Code     8  tm1637.o(i.set_brightness)
    start                                    0x08004469   Thumb Code    38  tm1637.o(i.start)
    stop                                     0x08004495   Thumb Code    38  tm1637.o(i.stop)
    usart_send_byte                          0x080044c1   Thumb Code    16  main.o(i.usart_send_byte)
    usart_send_string                        0x080044d5   Thumb Code    24  main.o(i.usart_send_string)
    writeBit                                 0x080044ed   Thumb Code    54  ds18b20.o(i.writeBit)
    writeByte                                0x08004529   Thumb Code   134  tm1637.o(i.writeByte)
    writeBytetemp                            0x080045b9   Thumb Code    36  ds18b20.o(i.writeBytetemp)
    AHBPrescTable                            0x080045dc   Data          16  system_stm32f1xx.o(.constdata)
    APBPrescTable                            0x080045ec   Data           8  system_stm32f1xx.o(.constdata)
    Region$$Table$$Base                      0x080045f4   Number         0  anon$$obj.o(Region$$Table)
    Region$$Table$$Limit                     0x08004614   Number         0  anon$$obj.o(Region$$Table)
    flagtemp                                 0x20000000   Data           1  main.o(.data)
    flag_usart                               0x20000001   Data           1  main.o(.data)
    send_temp_flag                           0x20000002   Data           1  main.o(.data)
    show_channel_flag                        0x20000003   Data           1  main.o(.data)
    Maincondition                            0x20000004   Data           1  main.o(.data)
    Line_channel_current                     0x20000005   Data           1  main.o(.data)
    counterforsoundshort                     0x20000006   Data           1  main.o(.data)
    counterforsoundlong                      0x20000007   Data           1  main.o(.data)
    alarm_Button                             0x20000008   Data           1  main.o(.data)
    button_8_mos_state_flag                  0x20000009   Data           1  main.o(.data)
    button_8_rel_state_flag                  0x2000000a   Data           1  main.o(.data)
    rx_pos                                   0x2000000b   Data           1  main.o(.data)
    flagwhichfunctionisactive                0x2000000c   Data           1  main.o(.data)
    temp                                     0x2000000e   Data           2  main.o(.data)
    t                                        0x20000010   Data           4  main.o(.data)
    TimeDisp                                 0x20000014   Data           4  main.o(.data)
    res_addr                                 0x20000018   Data           4  main.o(.data)
    i                                        0x2000001c   Data           4  main.o(.data)
    y                                        0x20000020   Data           4  main.o(.data)
    LedState                                 0x20000024   Data           8  main.o(.data)
    ButtonState                              0x2000002c   Data           8  main.o(.data)
    hcrc                                     0x2000003c   Data           8  main.o(.data)
    X_components                             0x20000044   Data          30  main.o(.data)
    Y_components                             0x20000068   Data         120  main.o(.data)
    uwTickFreq                               0x200000f0   Data           1  stm32f1xx_hal.o(.data)
    uwTickPrio                               0x200000f4   Data           4  stm32f1xx_hal.o(.data)
    uwTick                                   0x200000f8   Data           4  stm32f1xx_hal.o(.data)
    SystemCoreClock                          0x200000fc   Data           4  system_stm32f1xx.o(.data)
    Cmd_DispCtrl                             0x20000100   Data           1  tm1637.o(.data)
    point_flag                               0x20000101   Data           1  tm1637.o(.data)
    ButtonFlag                               0x20000140   Data           1  button.o(.data)
    button_short_flag                        0x20000143   Data           1  button.o(.data)
    Buttonwait                               0x20000144   Data           4  button.o(.data)
    DELAY_WAIT_CONVERT                       0x20000148   Data           4  ds18b20.o(.data)
    logs                                     0x20000150   Data          10  main.o(.bss)
    logs1                                    0x2000015a   Data          10  main.o(.bss)
    Register595                              0x20000164   Data          16  main.o(.bss)
    hadc1                                    0x20000174   Data          48  main.o(.bss)
    htim2                                    0x200001a4   Data          72  main.o(.bss)
    rx_buf                                   0x200001ec   Data          10  main.o(.bss)
    adc_value                                0x200001f6   Data          14  main.o(.bss)
    voltage                                  0x20000208   Data          56  main.o(.bss)
    K_coeff                                  0x20000240   Data          56  main.o(.bss)
    B_coeff                                  0x20000278   Data          56  main.o(.bss)
    hdma_adc1                                0x200002b0   Data          68  main.o(.bss)
    rx_buf1                                  0x200002f4   Data         256  main.o(.bss)
    pFlash                                   0x200003f8   Data          32  stm32f1xx_hal_flash.o(.bss)
    btn_cnt                                  0x20000418   Data          32  button.o(.bss)
    __initial_sp                             0x20000848   Data           0  startup_stm32f103xb.o(STACK)



==============================================================================

Memory Map of the image

  Image Entry point : 0x080000ed

  Load Region LR_IROM1 (Base: 0x08000000, Size: 0x00004760, Max: 0x00010000, ABSOLUTE, COMPRESSED[0x00004690])

    Execution Region ER_IROM1 (Exec base: 0x08000000, Load base: 0x08000000, Size: 0x00004614, Max: 0x00010000, ABSOLUTE)

    Exec Addr    Load Addr    Size         Type   Attr      Idx    E Section Name        Object

    0x08000000   0x08000000   0x000000ec   Data   RO            3    RESET               startup_stm32f103xb.o
    0x080000ec   0x080000ec   0x00000000   Code   RO         3653  * .ARM.Collect$$$$00000000  mc_w.l(entry.o)
    0x080000ec   0x080000ec   0x00000004   Code   RO         3947    .ARM.Collect$$$$00000001  mc_w.l(entry2.o)
    0x080000f0   0x080000f0   0x00000004   Code   RO         3950    .ARM.Collect$$$$00000004  mc_w.l(entry5.o)
    0x080000f4   0x080000f4   0x00000000   Code   RO         3952    .ARM.Collect$$$$00000008  mc_w.l(entry7b.o)
    0x080000f4   0x080000f4   0x00000000   Code   RO         3954    .ARM.Collect$$$$0000000A  mc_w.l(entry8b.o)
    0x080000f4   0x080000f4   0x00000008   Code   RO         3955    .ARM.Collect$$$$0000000B  mc_w.l(entry9a.o)
    0x080000fc   0x080000fc   0x00000004   Code   RO         3962    .ARM.Collect$$$$0000000E  mc_w.l(entry12b.o)
    0x08000100   0x08000100   0x00000000   Code   RO         3957    .ARM.Collect$$$$0000000F  mc_w.l(entry10a.o)
    0x08000100   0x08000100   0x00000000   Code   RO         3959    .ARM.Collect$$$$00000011  mc_w.l(entry11a.o)
    0x08000100   0x08000100   0x00000004   Code   RO         3948    .ARM.Collect$$$$00002712  mc_w.l(entry2.o)
    0x08000104   0x08000104   0x00000024   Code   RO            4    .text               startup_stm32f103xb.o
    0x08000128   0x08000128   0x00000020   Code   RO         3656    .text               mc_w.l(llushr.o)
    0x08000148   0x08000148   0x00000024   Code   RO         3658    .text               mc_w.l(memseta.o)
    0x0800016c   0x0800016c   0x00000024   Code   RO         3660    .text               mc_w.l(strstr.o)
    0x08000190   0x08000190   0x00000064   Code   RO         3923    .text               mf_w.l(fmul.o)
    0x080001f4   0x080001f4   0x0000014e   Code   RO         3925    .text               mf_w.l(dadd.o)
    0x08000342   0x08000342   0x000000e4   Code   RO         3927    .text               mf_w.l(dmul.o)
    0x08000426   0x08000426   0x000000de   Code   RO         3929    .text               mf_w.l(ddiv.o)
    0x08000504   0x08000504   0x0000002e   Code   RO         3931    .text               mf_w.l(dscalb.o)
    0x08000532   0x08000532   0x00000012   Code   RO         3933    .text               mf_w.l(fflti.o)
    0x08000544   0x08000544   0x00000022   Code   RO         3935    .text               mf_w.l(dflti.o)
    0x08000566   0x08000566   0x0000001a   Code   RO         3937    .text               mf_w.l(dfltui.o)
    0x08000580   0x08000580   0x00000032   Code   RO         3939    .text               mf_w.l(ffixi.o)
    0x080005b2   0x080005b2   0x0000003e   Code   RO         3941    .text               mf_w.l(dfixi.o)
    0x080005f0   0x080005f0   0x00000032   Code   RO         3943    .text               mf_w.l(dfixui.o)
    0x08000622   0x08000622   0x00000026   Code   RO         3945    .text               mf_w.l(f2d.o)
    0x08000648   0x08000648   0x0000002c   Code   RO         3966    .text               mc_w.l(uidiv.o)
    0x08000674   0x08000674   0x00000062   Code   RO         3968    .text               mc_w.l(uldiv.o)
    0x080006d6   0x080006d6   0x0000001e   Code   RO         3970    .text               mc_w.l(llshl.o)
    0x080006f4   0x080006f4   0x00000024   Code   RO         3972    .text               mc_w.l(llsshr.o)
    0x08000718   0x08000718   0x00000000   Code   RO         3974    .text               mc_w.l(iusefp.o)
    0x08000718   0x08000718   0x0000006e   Code   RO         3975    .text               mf_w.l(fepilogue.o)
    0x08000786   0x08000786   0x000000ba   Code   RO         3977    .text               mf_w.l(depilogue.o)
    0x08000840   0x08000840   0x00000030   Code   RO         3979    .text               mf_w.l(dfixul.o)
    0x08000870   0x08000870   0x00000030   Code   RO         3981    .text               mf_w.l(cdrcmple.o)
    0x080008a0   0x080008a0   0x00000024   Code   RO         3983    .text               mc_w.l(init.o)
    0x080008c4   0x080008c4   0x00000056   Code   RO         3995    .text               mc_w.l(__dczerorl2.o)
    0x0800091a   0x0800091a   0x00000002   PAD
    0x0800091c   0x0800091c   0x00000056   Code   RO          674    i.ADC_ConversionStop_Disable  stm32f1xx_hal_adc.o
    0x08000972   0x08000972   0x0000004e   Code   RO          675    i.ADC_DMAConvCplt   stm32f1xx_hal_adc.o
    0x080009c0   0x080009c0   0x0000001a   Code   RO          676    i.ADC_DMAError      stm32f1xx_hal_adc.o
    0x080009da   0x080009da   0x0000000a   Code   RO          677    i.ADC_DMAHalfConvCplt  stm32f1xx_hal_adc.o
    0x080009e4   0x080009e4   0x0000007c   Code   RO          678    i.ADC_Enable        stm32f1xx_hal_adc.o
    0x08000a60   0x08000a60   0x000000d8   Code   RO           13    i.Are_all_lights_on_cheking  main.o
    0x08000b38   0x08000b38   0x00000002   Code   RO          379    i.BusFault_Handler  stm32f1xx_it.o
    0x08000b3a   0x08000b3a   0x00000002   PAD
    0x08000b3c   0x08000b3c   0x0000011c   Code   RO         3495    i.ButtonRead        button.o
    0x08000c58   0x08000c58   0x00000314   Code   RO           14    i.Calibration       main.o
    0x08000f6c   0x08000f6c   0x000000c0   Code   RO           15    i.Check_Button      main.o
    0x0800102c   0x0800102c   0x00000034   Code   RO           16    i.Check_condition   main.o
    0x08001060   0x08001060   0x0000000c   Code   RO          380    i.DMA1_Channel1_IRQHandler  stm32f1xx_it.o
    0x0800106c   0x0800106c   0x0000002a   Code   RO         1519    i.DMA_SetConfig     stm32f1xx_hal_dma.o
    0x08001096   0x08001096   0x00000002   PAD
    0x08001098   0x08001098   0x00000020   Code   RO         3381    i.DWT_Init          delay_micros.o
    0x080010b8   0x080010b8   0x00000002   Code   RO          381    i.DebugMon_Handler  stm32f1xx_it.o
    0x080010ba   0x080010ba   0x00000002   PAD
    0x080010bc   0x080010bc   0x0000003c   Code   RO          382    i.EXTI9_5_IRQHandler  stm32f1xx_it.o
    0x080010f8   0x080010f8   0x00000004   Code   RO           17    i.Error_Handler     main.o
    0x080010fc   0x080010fc   0x00000024   Code   RO         1959    i.FLASH_MassErase   stm32f1xx_hal_flash_ex.o
    0x08001120   0x08001120   0x00000024   Code   RO         1964    i.FLASH_PageErase   stm32f1xx_hal_flash_ex.o
    0x08001144   0x08001144   0x0000005c   Code   RO         1857    i.FLASH_SetErrorCode  stm32f1xx_hal_flash.o
    0x080011a0   0x080011a0   0x00000054   Code   RO         1858    i.FLASH_WaitForLastOperation  stm32f1xx_hal_flash.o
    0x080011f4   0x080011f4   0x000000d8   Code   RO          854    i.HAL_ADCEx_Calibration_Start  stm32f1xx_hal_adc_ex.o
    0x080012cc   0x080012cc   0x000000fc   Code   RO          680    i.HAL_ADC_ConfigChannel  stm32f1xx_hal_adc.o
    0x080013c8   0x080013c8   0x00000002   Code   RO          681    i.HAL_ADC_ConvCpltCallback  stm32f1xx_hal_adc.o
    0x080013ca   0x080013ca   0x00000002   Code   RO          682    i.HAL_ADC_ConvHalfCpltCallback  stm32f1xx_hal_adc.o
    0x080013cc   0x080013cc   0x00000002   Code   RO          684    i.HAL_ADC_ErrorCallback  stm32f1xx_hal_adc.o
    0x080013ce   0x080013ce   0x00000002   PAD
    0x080013d0   0x080013d0   0x0000011c   Code   RO          689    i.HAL_ADC_Init      stm32f1xx_hal_adc.o
    0x080014ec   0x080014ec   0x0000008c   Code   RO          517    i.HAL_ADC_MspInit   stm32f1xx_hal_msp.o
    0x08001578   0x08001578   0x0000010c   Code   RO          696    i.HAL_ADC_Start_DMA  stm32f1xx_hal_adc.o
    0x08001684   0x08001684   0x00000022   Code   RO         2120    i.HAL_CRC_Init      stm32f1xx_hal_crc.o
    0x080016a6   0x080016a6   0x00000002   PAD
    0x080016a8   0x080016a8   0x00000028   Code   RO          519    i.HAL_CRC_MspInit   stm32f1xx_hal_msp.o
    0x080016d0   0x080016d0   0x00000154   Code   RO         1525    i.HAL_DMA_IRQHandler  stm32f1xx_hal_dma.o
    0x08001824   0x08001824   0x0000005c   Code   RO         1526    i.HAL_DMA_Init      stm32f1xx_hal_dma.o
    0x08001880   0x08001880   0x00000070   Code   RO         1530    i.HAL_DMA_Start_IT  stm32f1xx_hal_dma.o
    0x080018f0   0x080018f0   0x000000a8   Code   RO         1965    i.HAL_FLASHEx_Erase  stm32f1xx_hal_flash_ex.o
    0x08001998   0x08001998   0x00000014   Code   RO         1862    i.HAL_FLASH_Lock    stm32f1xx_hal_flash.o
    0x080019ac   0x080019ac   0x00000028   Code   RO         1869    i.HAL_FLASH_Unlock  stm32f1xx_hal_flash.o
    0x080019d4   0x080019d4   0x000001e0   Code   RO         1456    i.HAL_GPIO_Init     stm32f1xx_hal_gpio.o
    0x08001bb4   0x08001bb4   0x0000000a   Code   RO         1458    i.HAL_GPIO_ReadPin  stm32f1xx_hal_gpio.o
    0x08001bbe   0x08001bbe   0x0000000a   Code   RO         1460    i.HAL_GPIO_WritePin  stm32f1xx_hal_gpio.o
    0x08001bc8   0x08001bc8   0x0000000c   Code   RO         1152    i.HAL_GetTick       stm32f1xx_hal.o
    0x08001bd4   0x08001bd4   0x00000010   Code   RO         1158    i.HAL_IncTick       stm32f1xx_hal.o
    0x08001be4   0x08001be4   0x00000024   Code   RO         1159    i.HAL_Init          stm32f1xx_hal.o
    0x08001c08   0x08001c08   0x00000040   Code   RO         1160    i.HAL_InitTick      stm32f1xx_hal.o
    0x08001c48   0x08001c48   0x0000003c   Code   RO          520    i.HAL_MspInit       stm32f1xx_hal_msp.o
    0x08001c84   0x08001c84   0x0000001a   Code   RO         1616    i.HAL_NVIC_EnableIRQ  stm32f1xx_hal_cortex.o
    0x08001c9e   0x08001c9e   0x00000002   PAD
    0x08001ca0   0x08001ca0   0x00000040   Code   RO         1622    i.HAL_NVIC_SetPriority  stm32f1xx_hal_cortex.o
    0x08001ce0   0x08001ce0   0x00000024   Code   RO         1623    i.HAL_NVIC_SetPriorityGrouping  stm32f1xx_hal_cortex.o
    0x08001d04   0x08001d04   0x000000c8   Code   RO         1418    i.HAL_RCCEx_GetPeriphCLKFreq  stm32f1xx_hal_rcc_ex.o
    0x08001dcc   0x08001dcc   0x00000020   Code   RO         1324    i.HAL_RCC_GetPCLK2Freq  stm32f1xx_hal_rcc.o
    0x08001dec   0x08001dec   0x00000028   Code   RO         1627    i.HAL_SYSTICK_Config  stm32f1xx_hal_cortex.o
    0x08001e14   0x08001e14   0x00000002   Code   RO         2882    i.HAL_TIMEx_BreakCallback  stm32f1xx_hal_tim_ex.o
    0x08001e16   0x08001e16   0x00000002   Code   RO         2883    i.HAL_TIMEx_CommutCallback  stm32f1xx_hal_tim_ex.o
    0x08001e18   0x08001e18   0x00000068   Code   RO         2901    i.HAL_TIMEx_MasterConfigSynchronization  stm32f1xx_hal_tim_ex.o
    0x08001e80   0x08001e80   0x0000005a   Code   RO         2178    i.HAL_TIM_Base_Init  stm32f1xx_hal_tim.o
    0x08001eda   0x08001eda   0x00000002   PAD
    0x08001edc   0x08001edc   0x00000038   Code   RO          522    i.HAL_TIM_Base_MspInit  stm32f1xx_hal_msp.o
    0x08001f14   0x08001f14   0x00000058   Code   RO         2183    i.HAL_TIM_Base_Start_IT  stm32f1xx_hal_tim.o
    0x08001f6c   0x08001f6c   0x00000030   Code   RO         2186    i.HAL_TIM_Base_Stop_IT  stm32f1xx_hal_tim.o
    0x08001f9c   0x08001f9c   0x000000d6   Code   RO         2187    i.HAL_TIM_ConfigClockSource  stm32f1xx_hal_tim.o
    0x08002072   0x08002072   0x00000002   Code   RO         2212    i.HAL_TIM_IC_CaptureCallback  stm32f1xx_hal_tim.o
    0x08002074   0x08002074   0x00000166   Code   RO         2226    i.HAL_TIM_IRQHandler  stm32f1xx_hal_tim.o
    0x080021da   0x080021da   0x00000002   Code   RO         2229    i.HAL_TIM_OC_DelayElapsedCallback  stm32f1xx_hal_tim.o
    0x080021dc   0x080021dc   0x00000002   Code   RO         2256    i.HAL_TIM_PWM_PulseFinishedCallback  stm32f1xx_hal_tim.o
    0x080021de   0x080021de   0x00000002   PAD
    0x080021e0   0x080021e0   0x0000001c   Code   RO         3577    i.HAL_TIM_PeriodElapsedCallback  ds18b20.o
    0x080021fc   0x080021fc   0x00000002   Code   RO         2269    i.HAL_TIM_TriggerCallback  stm32f1xx_hal_tim.o
    0x080021fe   0x080021fe   0x00000002   Code   RO          383    i.HardFault_Handler  stm32f1xx_it.o
    0x08002200   0x08002200   0x00000012   Code   RO         3578    i.Init_ds18b20      ds18b20.o
    0x08002212   0x08002212   0x00000002   PAD
    0x08002214   0x08002214   0x00000018   Code   RO           18    i.LL_APB1_GRP1_EnableClock  main.o
    0x0800222c   0x0800222c   0x00000018   Code   RO           19    i.LL_APB2_GRP1_EnableClock  main.o
    0x08002244   0x08002244   0x000000a0   Code   RO         1103    i.LL_EXTI_Init      stm32f1xx_ll_exti.o
    0x080022e4   0x080022e4   0x000000f0   Code   RO          625    i.LL_GPIO_Init      stm32f1xx_ll_gpio.o
    0x080023d4   0x080023d4   0x00000014   Code   RO         3496    i.LL_GPIO_IsInputPinSet  button.o
    0x080023e8   0x080023e8   0x00000020   Code   RO          952    i.LL_RCC_GetSystemClocksFreq  stm32f1xx_ll_rcc.o
    0x08002408   0x08002408   0x0000000c   Code   RO         1027    i.LL_SetSystemCoreClock  stm32f1xx_ll_utils.o
    0x08002414   0x08002414   0x00000068   Code   RO         3158    i.LL_TIM_Init       stm32f1xx_ll_tim.o
    0x0800247c   0x0800247c   0x000000e4   Code   RO         3295    i.LL_USART_Init     stm32f1xx_ll_usart.o
    0x08002560   0x08002560   0x0000001e   Code   RO         1028    i.LL_mDelay         stm32f1xx_ll_utils.o
    0x0800257e   0x0800257e   0x00000002   PAD
    0x08002580   0x08002580   0x00000040   Code   RO           20    i.Long_sound        main.o
    0x080025c0   0x080025c0   0x000000c8   Code   RO           21    i.MX_ADC1_Init      main.o
    0x08002688   0x08002688   0x00000140   Code   RO           22    i.MX_GPIO_Init      main.o
    0x080027c8   0x080027c8   0x00000068   Code   RO           23    i.MX_TIM2_Init      main.o
    0x08002830   0x08002830   0x00000074   Code   RO           24    i.MX_TIM3_Init      main.o
    0x080028a4   0x080028a4   0x00000074   Code   RO           25    i.MX_TIM4_Init      main.o
    0x08002918   0x08002918   0x000000b0   Code   RO           26    i.MX_USART1_UART_Init  main.o
    0x080029c8   0x080029c8   0x00000002   Code   RO          384    i.MemManage_Handler  stm32f1xx_it.o
    0x080029ca   0x080029ca   0x00000002   Code   RO          385    i.NMI_Handler       stm32f1xx_it.o
    0x080029cc   0x080029cc   0x00000032   Code   RO           27    i.NVIC_EncodePriority  main.o
    0x080029fe   0x080029fe   0x00000002   Code   RO          386    i.PendSV_Handler    stm32f1xx_it.o
    0x08002a00   0x08002a00   0x0000001c   Code   RO          954    i.RCC_GetHCLKClockFreq  stm32f1xx_ll_rcc.o
    0x08002a1c   0x08002a1c   0x0000001c   Code   RO          955    i.RCC_GetPCLK1ClockFreq  stm32f1xx_ll_rcc.o
    0x08002a38   0x08002a38   0x0000001c   Code   RO          956    i.RCC_GetPCLK2ClockFreq  stm32f1xx_ll_rcc.o
    0x08002a54   0x08002a54   0x00000024   Code   RO          957    i.RCC_GetSystemClockFreq  stm32f1xx_ll_rcc.o
    0x08002a78   0x08002a78   0x0000003c   Code   RO          958    i.RCC_PLL_GetFreqDomain_SYS  stm32f1xx_ll_rcc.o
    0x08002ab4   0x08002ab4   0x00000002   Code   RO          387    i.SVC_Handler       stm32f1xx_it.o
    0x08002ab6   0x08002ab6   0x00000002   PAD
    0x08002ab8   0x08002ab8   0x00000064   Code   RO         3497    i.S_state           button.o
    0x08002b1c   0x08002b1c   0x00000040   Code   RO           28    i.Short_sound       main.o
    0x08002b5c   0x08002b5c   0x00000004   Code   RO          388    i.SysTick_Handler   stm32f1xx_it.o
    0x08002b60   0x08002b60   0x000000a8   Code   RO           29    i.SystemClock_Config  main.o
    0x08002c08   0x08002c08   0x00000002   Code   RO         3344    i.SystemInit        system_stm32f1xx.o
    0x08002c0a   0x08002c0a   0x00000002   PAD
    0x08002c0c   0x08002c0c   0x0000000c   Code   RO          389    i.TIM2_IRQHandler   stm32f1xx_it.o
    0x08002c18   0x08002c18   0x00000030   Code   RO          390    i.TIM3_IRQHandler   stm32f1xx_it.o
    0x08002c48   0x08002c48   0x00000028   Code   RO          391    i.TIM4_IRQHandler   stm32f1xx_it.o
    0x08002c70   0x08002c70   0x0000006c   Code   RO         2271    i.TIM_Base_SetConfig  stm32f1xx_hal_tim.o
    0x08002cdc   0x08002cdc   0x00000014   Code   RO         2282    i.TIM_ETR_SetConfig  stm32f1xx_hal_tim.o
    0x08002cf0   0x08002cf0   0x00000010   Code   RO         2283    i.TIM_ITRx_SetConfig  stm32f1xx_hal_tim.o
    0x08002d00   0x08002d00   0x00000022   Code   RO         2289    i.TIM_TI1_ConfigInputStage  stm32f1xx_hal_tim.o
    0x08002d22   0x08002d22   0x00000024   Code   RO         2291    i.TIM_TI2_ConfigInputStage  stm32f1xx_hal_tim.o
    0x08002d46   0x08002d46   0x00000002   PAD
    0x08002d48   0x08002d48   0x00000040   Code   RO          392    i.USART1_IRQHandler  stm32f1xx_it.o
    0x08002d88   0x08002d88   0x00000002   Code   RO          393    i.UsageFault_Handler  stm32f1xx_it.o
    0x08002d8a   0x08002d8a   0x00000002   PAD
    0x08002d8c   0x08002d8c   0x00000028   Code   RO         3897    i.__0sprintf        mc_w.l(printfa.o)
    0x08002db4   0x08002db4   0x0000001a   Code   RO           30    i.__NVIC_EnableIRQ  main.o
    0x08002dce   0x08002dce   0x00000002   PAD
    0x08002dd0   0x08002dd0   0x00000010   Code   RO           31    i.__NVIC_GetPriorityGrouping  main.o
    0x08002de0   0x08002de0   0x00000020   Code   RO           32    i.__NVIC_SetPriority  main.o
    0x08002e00   0x08002e00   0x00000020   Code   RO         1629    i.__NVIC_SetPriority  stm32f1xx_hal_cortex.o
    0x08002e20   0x08002e20   0x0000000e   Code   RO         3989    i.__scatterload_copy  mc_w.l(handlers.o)
    0x08002e2e   0x08002e2e   0x00000002   Code   RO         3990    i.__scatterload_null  mc_w.l(handlers.o)
    0x08002e30   0x08002e30   0x0000000e   Code   RO         3991    i.__scatterload_zeroinit  mc_w.l(handlers.o)
    0x08002e3e   0x08002e3e   0x00000002   PAD
    0x08002e40   0x08002e40   0x00000184   Code   RO         3902    i._fp_digits        mc_w.l(printfa.o)
    0x08002fc4   0x08002fc4   0x000006b4   Code   RO         3903    i._printf_core      mc_w.l(printfa.o)
    0x08003678   0x08003678   0x00000024   Code   RO         3904    i._printf_post_padding  mc_w.l(printfa.o)
    0x0800369c   0x0800369c   0x0000002e   Code   RO         3905    i._printf_pre_padding  mc_w.l(printfa.o)
    0x080036ca   0x080036ca   0x0000000a   Code   RO         3907    i._sputc            mc_w.l(printfa.o)
    0x080036d4   0x080036d4   0x00000034   Code   RO           33    i.channels_on_off   main.o
    0x08003708   0x08003708   0x00000330   Code   RO           34    i.check_uart        main.o
    0x08003a38   0x08003a38   0x00000026   Code   RO         3411    i.clearDisplay      tm1637.o
    0x08003a5e   0x08003a5e   0x00000002   PAD
    0x08003a60   0x08003a60   0x00000024   Code   RO           35    i.clear_rx_buf      main.o
    0x08003a84   0x08003a84   0x00000028   Code   RO         3412    i.coding            tm1637.o
    0x08003aac   0x08003aac   0x00000038   Code   RO         3413    i.coding_mass       tm1637.o
    0x08003ae4   0x08003ae4   0x0000009c   Code   RO           36    i.condition_0       main.o
    0x08003b80   0x08003b80   0x000000d0   Code   RO           37    i.condition_1       main.o
    0x08003c50   0x08003c50   0x000001f8   Code   RO           38    i.condition_2       main.o
    0x08003e48   0x08003e48   0x00000028   Code   RO         3382    i.delay_micros      delay_micros.o
    0x08003e70   0x08003e70   0x0000004c   Code   RO         3414    i.display           tm1637.o
    0x08003ebc   0x08003ebc   0x00000060   Code   RO         3415    i.display_mass      tm1637.o
    0x08003f1c   0x08003f1c   0x00000030   Code   RO         3579    i.ds18b20_getTemperature  ds18b20.o
    0x08003f4c   0x08003f4c   0x0000002c   Code   RO         3535    i.erase_flash       flashprom.o
    0x08003f78   0x08003f78   0x0000005c   Code   RO           39    i.fill_array_for_show_double  main.o
    0x08003fd4   0x08003fd4   0x00000010   Code   RO           41    i.fill_array_for_show_number_of_channel  main.o
    0x08003fe4   0x08003fe4   0x0000005c   Code   RO           42    i.fill_array_for_show_temp  main.o
    0x08004040   0x08004040   0x00000034   Code   RO         3536    i.flash_search_adress  flashprom.o
    0x08004074   0x08004074   0x0000001c   Code   RO         3580    i.getDevider        ds18b20.o
    0x08004090   0x08004090   0x00000030   Code   RO           43    i.ledfrontpanel_on_off  main.o
    0x080040c0   0x080040c0   0x0000028c   Code   RO           44    i.main              main.o
    0x0800434c   0x0800434c   0x00000044   Code   RO         3581    i.readBit           ds18b20.o
    0x08004390   0x08004390   0x0000002c   Code   RO         3537    i.read_last_data_in_flash  flashprom.o
    0x080043bc   0x080043bc   0x0000002e   Code   RO         3582    i.resTemperature    ds18b20.o
    0x080043ea   0x080043ea   0x00000002   PAD
    0x080043ec   0x080043ec   0x00000030   Code   RO         3583    i.reset             ds18b20.o
    0x0800441c   0x0800441c   0x00000040   Code   RO         3584    i.setResolution     ds18b20.o
    0x0800445c   0x0800445c   0x0000000c   Code   RO         3417    i.set_brightness    tm1637.o
    0x08004468   0x08004468   0x0000002c   Code   RO         3418    i.start             tm1637.o
    0x08004494   0x08004494   0x0000002c   Code   RO         3419    i.stop              tm1637.o
    0x080044c0   0x080044c0   0x00000014   Code   RO           45    i.usart_send_byte   main.o
    0x080044d4   0x080044d4   0x00000018   Code   RO           46    i.usart_send_string  main.o
    0x080044ec   0x080044ec   0x0000003c   Code   RO         3585    i.writeBit          ds18b20.o
    0x08004528   0x08004528   0x00000090   Code   RO         3420    i.writeByte         tm1637.o
    0x080045b8   0x080045b8   0x00000024   Code   RO         3586    i.writeBytetemp     ds18b20.o
    0x080045dc   0x080045dc   0x00000010   Data   RO         3345    .constdata          system_stm32f1xx.o
    0x080045ec   0x080045ec   0x00000008   Data   RO         3346    .constdata          system_stm32f1xx.o
    0x080045f4   0x080045f4   0x00000020   Data   RO         3987    Region$$Table       anon$$obj.o


    Execution Region RW_IRAM1 (Exec base: 0x20000000, Load base: 0x08004614, Size: 0x00000848, Max: 0x00005000, ABSOLUTE, COMPRESSED[0x0000007c])

    Exec Addr    Load Addr    Size         Type   Attr      Idx    E Section Name        Object

    0x20000000   COMPRESSED   0x000000f0   Data   RW           50    .data               main.o
    0x200000f0   COMPRESSED   0x0000000c   Data   RW         1166    .data               stm32f1xx_hal.o
    0x200000fc   COMPRESSED   0x00000004   Data   RW         3347    .data               system_stm32f1xx.o
    0x20000100   COMPRESSED   0x0000003e   Data   RW         3421    .data               tm1637.o
    0x2000013e   COMPRESSED   0x00000002   PAD
    0x20000140   COMPRESSED   0x00000008   Data   RW         3499    .data               button.o
    0x20000148   COMPRESSED   0x00000004   Data   RW         3587    .data               ds18b20.o
    0x2000014c   COMPRESSED   0x00000004   PAD
    0x20000150        -       0x00000160   Zero   RW           47    .bss                main.o
    0x200002b0        -       0x00000044   Zero   RW           48    .bss                main.o
    0x200002f4        -       0x00000100   Zero   RW           49    .bss                main.o
    0x200003f4   COMPRESSED   0x00000004   PAD
    0x200003f8        -       0x00000020   Zero   RW         1870    .bss                stm32f1xx_hal_flash.o
    0x20000418        -       0x00000020   Zero   RW         3498    .bss                button.o
    0x20000438        -       0x00000010   Zero   RW         3539    .bss                flashprom.o
    0x20000448        -       0x00000400   Zero   RW            1    STACK               startup_stm32f103xb.o


==============================================================================

Image component sizes


      Code (inc. data)   RO Data    RW Data    ZI Data      Debug   Object Name

       404         36          0          8         32       3170   button.o
        72         24          0          0          0        910   delay_micros.o
       444         40          0          4          0       5859   ds18b20.o
       140         26          0          0         16       2162   flashprom.o
      5468        532          0        240        676     558884   main.o
        36          8        236          0       1024        796   startup_stm32f103xb.o
       128         24          0         12          0       5257   stm32f1xx_hal.o
      1134         56          0          0          0       8458   stm32f1xx_hal_adc.o
       216          6          0          0          0       1418   stm32f1xx_hal_adc_ex.o
       198         14          0          0          0      28899   stm32f1xx_hal_cortex.o
        34          0          0          0          0       1019   stm32f1xx_hal_crc.o
       586         32          0          0          0       3567   stm32f1xx_hal_dma.o
       236         30          0          0         32       2718   stm32f1xx_hal_flash.o
       240         26          0          0          0       3221   stm32f1xx_hal_flash_ex.o
       500         34          0          0          0       3487   stm32f1xx_hal_gpio.o
       296         44          0          0          0       2789   stm32f1xx_hal_msp.o
        32         12          0          0          0       1181   stm32f1xx_hal_rcc.o
       200         34          0          0          0       1533   stm32f1xx_hal_rcc_ex.o
      1020         26          0          0          0      10136   stm32f1xx_hal_tim.o
       108         12          0          0          0       2345   stm32f1xx_hal_tim_ex.o
       256         74          0          0          0      62432   stm32f1xx_it.o
       160          4          0          0          0       4867   stm32f1xx_ll_exti.o
       240          0          0          0          0      10355   stm32f1xx_ll_gpio.o
       212         48          0          0          0      13347   stm32f1xx_ll_rcc.o
       104         12          0          0          0      29854   stm32f1xx_ll_tim.o
       228         14          0          0          0      14956   stm32f1xx_ll_usart.o
        42          6          0          0          0       5076   stm32f1xx_ll_utils.o
         2          0         24          4          0       1095   system_stm32f1xx.o
       550         48          0         62          0      14317   tm1637.o

    ----------------------------------------------------------------------
     13320       1222        292        332       1788     804108   Object Totals
         0          0         32          0          0          0   (incl. Generated)
        34          0          0          2          8          0   (incl. Padding)

    ----------------------------------------------------------------------

      Code (inc. data)   RO Data    RW Data    ZI Data      Debug   Library Member Name

        86          0          0          0          0          0   __dczerorl2.o
         0          0          0          0          0          0   entry.o
         0          0          0          0          0          0   entry10a.o
         0          0          0          0          0          0   entry11a.o
         4          0          0          0          0          0   entry12b.o
         8          4          0          0          0          0   entry2.o
         4          0          0          0          0          0   entry5.o
         0          0          0          0          0          0   entry7b.o
         0          0          0          0          0          0   entry8b.o
         8          4          0          0          0          0   entry9a.o
        30          0          0          0          0          0   handlers.o
        36          8          0          0          0         68   init.o
         0          0          0          0          0          0   iusefp.o
        30          0          0          0          0         68   llshl.o
        36          0          0          0          0         68   llsshr.o
        32          0          0          0          0         68   llushr.o
        36          0          0          0          0        108   memseta.o
      2236         86          0          0          0        532   printfa.o
        36          0          0          0          0         80   strstr.o
        44          0          0          0          0         80   uidiv.o
        98          0          0          0          0         92   uldiv.o
        48          0          0          0          0         68   cdrcmple.o
       334          0          0          0          0        148   dadd.o
       222          0          0          0          0        100   ddiv.o
       186          0          0          0          0        176   depilogue.o
        62          0          0          0          0         80   dfixi.o
        50          0          0          0          0         76   dfixui.o
        48          0          0          0          0         68   dfixul.o
        34          0          0          0          0         76   dflti.o
        26          0          0          0          0         76   dfltui.o
       228          0          0          0          0         96   dmul.o
        46          0          0          0          0         80   dscalb.o
        38          0          0          0          0         68   f2d.o
       110          0          0          0          0        168   fepilogue.o
        50          0          0          0          0         68   ffixi.o
        18          0          0          0          0         68   fflti.o
       100          0          0          0          0         76   fmul.o

    ----------------------------------------------------------------------
      4328        102          0          0          0       2656   Library Totals
         4          0          0          0          0          0   (incl. Padding)

    ----------------------------------------------------------------------

      Code (inc. data)   RO Data    RW Data    ZI Data      Debug   Library Name

      2724        102          0          0          0       1164   mc_w.l
      1600          0          0          0          0       1492   mf_w.l

    ----------------------------------------------------------------------
      4328        102          0          0          0       2656   Library Totals

    ----------------------------------------------------------------------

==============================================================================


      Code (inc. data)   RO Data    RW Data    ZI Data      Debug   

     17648       1324        292        332       1788     798156   Grand Totals
     17648       1324        292        124       1788     798156   ELF Image Totals (compressed)
     17648       1324        292        124          0          0   ROM Totals

==============================================================================

    Total RO  Size (Code + RO Data)                17940 (  17.52kB)
    Total RW  Size (RW Data + ZI Data)              2120 (   2.07kB)
    Total ROM Size (Code + RO Data + RW Data)      18064 (  17.64kB)

==============================================================================

